===== ANALYST laguna 2026-09-03 15:49:19 UTC =====
[91m[1mError: [0m{
  "name": "UnknownError",
  "data": {
    "message": "Unexpected server error. Check server logs for details.",
    "ref": "err_bf8c36bd"
  }
}
===== ANALYST laguna 2026-09-03 19:05:42 UTC =====
[91m[1mError: [0m{
  "name": "UnknownError",
  "data": {
    "message": "Unexpected server error. Check server logs for details.",
    "ref": "err_e17d26dc"
  }
}
===== ANALYST laguna 2026-09-03 21:46:44 UTC =====
[91m[1mError: [0m{
  "name": "UnknownError",
  "data": {
    "message": "Unexpected server error. Check server logs for details.",
    "ref": "err_6e5a66da"
  }
}
===== ANALYST laguna 2026-09-03 23:48:00 UTC =====
[91m[1mError: [0m{
  "name": "UnknownError",
  "data": {
    "message": "Unexpected server error. Check server logs for details.",
    "ref": "err_6d18e195"
  }
}
===== ANALYST laguna 2026-09-04 02:43:23 UTC =====
[91m[1mError: [0m{
  "name": "UnknownError",
  "data": {
    "message": "Unexpected server error. Check server logs for details.",
    "ref": "err_21ff96f8"
  }
}
===== ANALYST laguna 2026-09-04 07:26:39 UTC =====
[91m[1mError: [0m{
  "name": "UnknownError",
  "data": {
    "message": "Unexpected server error. Check server logs for details.",
    "ref": "err_e1dfa0ee"
  }
}
===== ANALYST laguna 2026-09-04 12:20:37 UTC =====
[91m[1mError: [0m{
  "name": "UnknownError",
  "data": {
    "message": "Unexpected server error. Check server logs for details.",
    "ref": "err_f4f569cc"
  }
}
===== ANALYST laguna 2026-09-04 16:31:26 UTC =====
[91m[1mError: [0m{
  "name": "UnknownError",
  "data": {
    "message": "Unexpected server error. Check server logs for details.",
    "ref": "err_aeccbcde"
  }
}
===== ANALYST laguna 2026-09-04 19:10:50 UTC =====
[91m[1mError: [0m{
  "name": "UnknownError",
  "data": {
    "message": "Unexpected server error. Check server logs for details.",
    "ref": "err_2323164b"
  }
}
===== ANALYST laguna 2026-09-04 21:34:53 UTC =====
[91m[1mError: [0m{
  "name": "UnknownError",
  "data": {
    "message": "Unexpected server error. Check server logs for details.",
    "ref": "err_1355b439"
  }
}
===== ANALYST laguna 2026-09-04 23:18:56 UTC =====
[91m[1mError: [0m{
  "name": "UnknownError",
  "data": {
    "message": "Unexpected server error. Check server logs for details.",
    "ref": "err_0a395e71"
  }
}
===== ANALYST laguna 2026-09-05 01:05:23 UTC =====
[91m[1mError: [0m{
  "name": "UnknownError",
  "data": {
    "message": "Unexpected server error. Check server logs for details.",
    "ref": "err_73d21106"
  }
}
===== ANALYST laguna 2026-09-05 05:51:12 UTC =====
[91m[1mError: [0m{
  "name": "UnknownError",
  "data": {
    "message": "Unexpected server error. Check server logs for details.",
    "ref": "err_fd8aaf07"
  }
}
===== ANALYST laguna 2026-09-05 09:56:26 UTC =====
[91m[1mError: [0m{
  "name": "UnknownError",
  "data": {
    "message": "Unexpected server error. Check server logs for details.",
    "ref": "err_ed3667b0"
  }
}
===== ANALYST laguna 2026-09-05 13:18:34 UTC =====
[91m[1mError: [0m{
  "name": "UnknownError",
  "data": {
    "message": "Unexpected server error. Check server logs for details.",
    "ref": "err_f38c8e64"
  }
}
===== ANALYST laguna 2026-09-05 16:13:27 UTC =====
[91m[1mError: [0m{
  "name": "UnknownError",
  "data": {
    "message": "Unexpected server error. Check server logs for details.",
    "ref": "err_224c8253"
  }
}
===== ANALYST laguna 2026-09-05 18:29:20 UTC =====
[91m[1mError: [0m{
  "name": "UnknownError",
  "data": {
    "message": "Unexpected server error. Check server logs for details.",
    "ref": "err_2c9f8e3d"
  }
}
===== ANALYST laguna 2026-09-05 20:47:29 UTC =====
[91m[1mError: [0m{
  "name": "UnknownError",
  "data": {
    "message": "Unexpected server error. Check server logs for details.",
    "ref": "err_2a82b970"
  }
}
===== ANALYST laguna 2026-09-05 22:41:15 UTC =====
[91m[1mError: [0m{
  "name": "UnknownError",
  "data": {
    "message": "Unexpected server error. Check server logs for details.",
    "ref": "err_e4e1e609"
  }
}
===== ANALYST laguna 2026-09-06 00:14:38 UTC =====
[91m[1mError: [0m{
  "name": "UnknownError",
  "data": {
    "message": "Unexpected server error. Check server logs for details.",
    "ref": "err_2d6ae842"
  }
}
===== ANALYST laguna 2026-09-06 04:48:47 UTC =====
[91m[1mError: [0m{
  "name": "UnknownError",
  "data": {
    "message": "Unexpected server error. Check server logs for details.",
    "ref": "err_9b9fd00a"
  }
}
===== ANALYST laguna 2026-09-06 09:11:00 UTC =====
[91m[1mError: [0m{
  "name": "UnknownError",
  "data": {
    "message": "Unexpected server error. Check server logs for details.",
    "ref": "err_aa55b4c8"
  }
}
===== ANALYST laguna 2026-09-06 13:00:49 UTC =====
[91m[1mError: [0m{
  "name": "UnknownError",
  "data": {
    "message": "Unexpected server error. Check server logs for details.",
    "ref": "err_66d556fc"
  }
}
===== ANALYST laguna 2026-09-06 16:04:53 UTC =====
[91m[1mError: [0m{
  "name": "UnknownError",
  "data": {
    "message": "Unexpected server error. Check server logs for details.",
    "ref": "err_a4101b78"
  }
}
===== ANALYST laguna 2026-09-06 18:25:17 UTC =====
[91m[1mError: [0m{
  "name": "UnknownError",
  "data": {
    "message": "Unexpected server error. Check server logs for details.",
    "ref": "err_ff6c1166"
  }
}
===== ANALYST laguna 2026-09-06 20:30:30 UTC =====
[91m[1mError: [0m{
  "name": "UnknownError",
  "data": {
    "message": "Unexpected server error. Check server logs for details.",
    "ref": "err_23d53eda"
  }
}
===== ANALYST laguna 2026-09-06 22:19:57 UTC =====
[91m[1mError: [0m{
  "name": "UnknownError",
  "data": {
    "message": "Unexpected server error. Check server logs for details.",
    "ref": "err_b03b7c90"
  }
}
===== ANALYST laguna 2026-09-07 00:05:49 UTC =====
[91m[1mError: [0m{
  "name": "UnknownError",
  "data": {
    "message": "Unexpected server error. Check server logs for details.",
    "ref": "err_366de009"
  }
}
===== ANALYST laguna 2026-09-07 04:51:16 UTC =====
[91m[1mError: [0m{
  "name": "UnknownError",
  "data": {
    "message": "Unexpected server error. Check server logs for details.",
    "ref": "err_f5f5894d"
  }
}
===== ANALYST laguna 2026-09-07 10:01:35 UTC =====
[91m[1mError: [0m{
  "name": "UnknownError",
  "data": {
    "message": "Unexpected server error. Check server logs for details.",
    "ref": "err_9f2f25bf"
  }
}
===== ANALYST laguna 2026-09-07 15:36:45 UTC =====
[91m[1mError: [0m{
  "name": "UnknownError",
  "data": {
    "message": "Unexpected server error. Check server logs for details.",
    "ref": "err_0c00dd53"
  }
}
===== ANALYST laguna 2026-09-07 19:30:45 UTC =====
[91m[1mError: [0m{
  "name": "UnknownError",
  "data": {
    "message": "Unexpected server error. Check server logs for details.",
    "ref": "err_6bf2e968"
  }
}
===== ANALYST laguna 2026-09-07 22:18:58 UTC =====
[91m[1mError: [0m{
  "name": "UnknownError",
  "data": {
    "message": "Unexpected server error. Check server logs for details.",
    "ref": "err_c36f113c"
  }
}
===== ANALYST laguna 2026-09-08 00:47:41 UTC =====
[91m[1mError: [0m{
  "name": "UnknownError",
  "data": {
    "message": "Unexpected server error. Check server logs for details.",
    "ref": "err_0f9154fa"
  }
}
===== ANALYST laguna 2026-09-08 05:18:16 UTC =====
[91m[1mError: [0m{
  "name": "UnknownError",
  "data": {
    "message": "Unexpected server error. Check server logs for details.",
    "ref": "err_b23fafb3"
  }
}
===== ANALYST laguna 2026-09-08 10:06:09 UTC =====
[91m[1mError: [0m{
  "name": "UnknownError",
  "data": {
    "message": "Unexpected server error. Check server logs for details.",
    "ref": "err_22f5c9d8"
  }
}
===== ANALYST laguna 2026-09-08 14:08:14 UTC =====
[91m[1mError: [0m{
  "name": "UnknownError",
  "data": {
    "message": "Unexpected server error. Check server logs for details.",
    "ref": "err_a423a8a7"
  }
}
===== ANALYST laguna 2026-09-08 18:06:43 UTC =====
[91m[1mError: [0m{
  "name": "UnknownError",
  "data": {
    "message": "Unexpected server error. Check server logs for details.",
    "ref": "err_09f22767"
  }
}
===== ANALYST laguna 2026-09-08 20:51:24 UTC =====
[91m[1mError: [0m{
  "name": "UnknownError",
  "data": {
    "message": "Unexpected server error. Check server logs for details.",
    "ref": "err_5d2ca34b"
  }
}
===== ANALYST laguna 2026-09-08 23:09:37 UTC =====
[91m[1mError: [0m{
  "name": "UnknownError",
  "data": {
    "message": "Unexpected server error. Check server logs for details.",
    "ref": "err_39d1fb23"
  }
}
===== ANALYST laguna 2026-09-09 01:23:53 UTC =====
[91m[1mError: [0m{
  "name": "UnknownError",
  "data": {
    "message": "Unexpected server error. Check server logs for details.",
    "ref": "err_550aec04"
  }
}
===== ANALYST laguna 2026-09-09 06:09:53 UTC =====
[91m[1mError: [0m{
  "name": "UnknownError",
  "data": {
    "message": "Unexpected server error. Check server logs for details.",
    "ref": "err_34a5141e"
  }
}
===== ANALYST laguna 2026-09-09 11:40:51 UTC =====
[91m[1mError: [0m{
  "name": "UnknownError",
  "data": {
    "message": "Unexpected server error. Check server logs for details.",
    "ref": "err_03f01983"
  }
}
===== ANALYST laguna 2026-09-09 15:25:23 UTC =====
[91m[1mError: [0m{
  "name": "UnknownError",
  "data": {
    "message": "Unexpected server error. Check server logs for details.",
    "ref": "err_963764cc"
  }
}
===== ANALYST laguna 2026-09-09 18:43:23 UTC =====
[91m[1mError: [0m{
  "name": "UnknownError",
  "data": {
    "message": "Unexpected server error. Check server logs for details.",
    "ref": "err_ac07f98b"
  }
}
===== ANALYST laguna 2026-09-09 21:31:20 UTC =====
[91m[1mError: [0m{
  "name": "UnknownError",
  "data": {
    "message": "Unexpected server error. Check server logs for details.",
    "ref": "err_91d335fe"
  }
}
===== ANALYST laguna 2026-09-09 23:35:24 UTC =====
[91m[1mError: [0m{
  "name": "UnknownError",
  "data": {
    "message": "Unexpected server error. Check server logs for details.",
    "ref": "err_38256fa9"
  }
}
===== ANALYST laguna 2026-09-10 01:31:20 UTC =====
[91m[1mError: [0m{
  "name": "UnknownError",
  "data": {
    "message": "Unexpected server error. Check server logs for details.",
    "ref": "err_454fcba3"
  }
}
===== ANALYST laguna 2026-09-10 06:41:46 UTC =====
[91m[1mError: [0m{
  "name": "UnknownError",
  "data": {
    "message": "Unexpected server error. Check server logs for details.",
    "ref": "err_15d6bc05"
  }
}
===== ANALYST laguna 2026-09-10 11:58:29 UTC =====
[91m[1mError: [0m{
  "name": "UnknownError",
  "data": {
    "message": "Unexpected server error. Check server logs for details.",
    "ref": "err_9c4f3089"
  }
}
===== ANALYST laguna 2026-09-10 15:51:29 UTC =====
[91m[1mError: [0m{
  "name": "UnknownError",
  "data": {
    "message": "Unexpected server error. Check server logs for details.",
    "ref": "err_e5a33ad4"
  }
}
===== ANALYST laguna 2026-09-10 19:07:41 UTC =====
[91m[1mError: [0m{
  "name": "UnknownError",
  "data": {
    "message": "Unexpected server error. Check server logs for details.",
    "ref": "err_56e22383"
  }
}
===== ANALYST laguna 2026-09-10 21:33:02 UTC =====
[91m[1mError: [0m{
  "name": "UnknownError",
  "data": {
    "message": "Unexpected server error. Check server logs for details.",
    "ref": "err_d8d042c1"
  }
}
===== ANALYST laguna 2026-09-10 23:25:49 UTC =====
[91m[1mError: [0m{
  "name": "UnknownError",
  "data": {
    "message": "Unexpected server error. Check server logs for details.",
    "ref": "err_b178cd66"
  }
}
===== ANALYST laguna 2026-09-11 01:43:27 UTC =====
[91m[1mError: [0m{
  "name": "UnknownError",
  "data": {
    "message": "Unexpected server error. Check server logs for details.",
    "ref": "err_2943407c"
  }
}
===== ANALYST laguna 2026-09-11 06:38:47 UTC =====
[91m[1mError: [0m{
  "name": "UnknownError",
  "data": {
    "message": "Unexpected server error. Check server logs for details.",
    "ref": "err_7e3e3f7c"
  }
}
===== ANALYST laguna 2026-09-11 11:53:15 UTC =====
[91m[1mError: [0m{
  "name": "UnknownError",
  "data": {
    "message": "Unexpected server error. Check server logs for details.",
    "ref": "err_890035fa"
  }
}
===== ANALYST laguna 2026-09-11 15:53:57 UTC =====
[91m[1mError: [0m{
  "name": "UnknownError",
  "data": {
    "message": "Unexpected server error. Check server logs for details.",
    "ref": "err_bbfa7af3"
  }
}
===== ANALYST laguna 2026-09-11 19:02:55 UTC =====
[91m[1mError: [0m{
  "name": "UnknownError",
  "data": {
    "message": "Unexpected server error. Check server logs for details.",
    "ref": "err_ce13abe9"
  }
}
===== ANALYST laguna 2026-09-11 21:34:52 UTC =====
[91m[1mError: [0m{
  "name": "UnknownError",
  "data": {
    "message": "Unexpected server error. Check server logs for details.",
    "ref": "err_9c7fb45f"
  }
}
===== ANALYST laguna 2026-09-11 23:34:42 UTC =====
[91m[1mError: [0m{
  "name": "UnknownError",
  "data": {
    "message": "Unexpected server error. Check server logs for details.",
    "ref": "err_d9ba7aaf"
  }
}
===== ANALYST laguna 2026-09-12 01:34:45 UTC =====
[91m[1mError: [0m{
  "name": "UnknownError",
  "data": {
    "message": "Unexpected server error. Check server logs for details.",
    "ref": "err_53d5d681"
  }
}
===== ANALYST laguna 2026-09-12 06:31:01 UTC =====
[91m[1mError: [0m{
  "name": "UnknownError",
  "data": {
    "message": "Unexpected server error. Check server logs for details.",
    "ref": "err_70b9503c"
  }
}
===== ANALYST laguna 2026-09-12 11:18:23 UTC =====
[91m[1mError: [0m{
  "name": "UnknownError",
  "data": {
    "message": "Unexpected server error. Check server logs for details.",
    "ref": "err_f0bcfcc5"
  }
}
===== ANALYST laguna 2026-09-12 14:19:22 UTC =====
[91m[1mError: [0m{
  "name": "UnknownError",
  "data": {
    "message": "Unexpected server error. Check server logs for details.",
    "ref": "err_c27c9219"
  }
}
===== ANALYST laguna 2026-09-12 17:18:53 UTC =====
[91m[1mError: [0m{
  "name": "UnknownError",
  "data": {
    "message": "Unexpected server error. Check server logs for details.",
    "ref": "err_579c9a84"
  }
}
===== ANALYST laguna 2026-09-12 19:29:53 UTC =====
[91m[1mError: [0m{
  "name": "UnknownError",
  "data": {
    "message": "Unexpected server error. Check server logs for details.",
    "ref": "err_5456b781"
  }
}
===== ANALYST laguna 2026-09-12 21:43:02 UTC =====
[91m[1mError: [0m{
  "name": "UnknownError",
  "data": {
    "message": "Unexpected server error. Check server logs for details.",
    "ref": "err_1635a23d"
  }
}
===== ANALYST laguna 2026-09-12 23:20:15 UTC =====
[91m[1mError: [0m{
  "name": "UnknownError",
  "data": {
    "message": "Unexpected server error. Check server logs for details.",
    "ref": "err_0c1fde83"
  }
}
===== ANALYST laguna 2026-09-13 01:13:26 UTC =====
[91m[1mError: [0m{
  "name": "UnknownError",
  "data": {
    "message": "Unexpected server error. Check server logs for details.",
    "ref": "err_a8e8239b"
  }
}
===== ANALYST laguna 2026-09-13 06:17:46 UTC =====
[91m[1mError: [0m{
  "name": "UnknownError",
  "data": {
    "message": "Unexpected server error. Check server logs for details.",
    "ref": "err_ab0ff900"
  }
}
===== ANALYST laguna 2026-09-13 12:02:40 UTC =====
[91m[1mError: [0m{
  "name": "UnknownError",
  "data": {
    "message": "Unexpected server error. Check server logs for details.",
    "ref": "err_c53415ba"
  }
}
===== ANALYST laguna 2026-09-13 16:10:21 UTC =====
[91m[1mError: [0m{
  "name": "UnknownError",
  "data": {
    "message": "Unexpected server error. Check server logs for details.",
    "ref": "err_fa83a97c"
  }
}
===== ANALYST laguna 2026-09-13 18:49:24 UTC =====
[91m[1mError: [0m{
  "name": "UnknownError",
  "data": {
    "message": "Unexpected server error. Check server logs for details.",
    "ref": "err_0625b448"
  }
}
===== ANALYST laguna 2026-09-13 21:15:20 UTC =====
[91m[1mError: [0m{
  "name": "UnknownError",
  "data": {
    "message": "Unexpected server error. Check server logs for details.",
    "ref": "err_2316384b"
  }
}
===== ANALYST laguna 2026-09-13 23:13:50 UTC =====
[91m[1mError: [0m{
  "name": "UnknownError",
  "data": {
    "message": "Unexpected server error. Check server logs for details.",
    "ref": "err_edd9150e"
  }
}
===== ANALYST laguna 2026-09-14 01:13:05 UTC =====
[91m[1mError: [0m{
  "name": "UnknownError",
  "data": {
    "message": "Unexpected server error. Check server logs for details.",
    "ref": "err_7d0492b3"
  }
}
===== ANALYST laguna 2026-09-14 06:26:16 UTC =====
[91m[1mError: [0m{
  "name": "UnknownError",
  "data": {
    "message": "Unexpected server error. Check server logs for details.",
    "ref": "err_745b6603"
  }
}
===== ANALYST laguna 2026-09-14 13:38:05 UTC =====
[91m[1mError: [0m{
  "name": "UnknownError",
  "data": {
    "message": "Unexpected server error. Check server logs for details.",
    "ref": "err_a04a0254"
  }
}
===== ANALYST laguna 2026-09-14 18:58:59 UTC =====
[91m[1mError: [0m{
  "name": "UnknownError",
  "data": {
    "message": "Unexpected server error. Check server logs for details.",
    "ref": "err_97da7953"
  }
}
===== ANALYST laguna 2026-09-14 22:16:06 UTC =====
[91m[1mError: [0m{
  "name": "UnknownError",
  "data": {
    "message": "Unexpected server error. Check server logs for details.",
    "ref": "err_d6b9017f"
  }
}
===== ANALYST laguna 2026-09-15 00:46:19 UTC =====
[91m[1mError: [0m{
  "name": "UnknownError",
  "data": {
    "message": "Unexpected server error. Check server logs for details.",
    "ref": "err_42771a82"
  }
}
===== ANALYST laguna 2026-09-15 05:45:26 UTC =====
[91m[1mError: [0m{
  "name": "UnknownError",
  "data": {
    "message": "Unexpected server error. Check server logs for details.",
    "ref": "err_907f6ce2"
  }
}
===== ANALYST laguna 2026-09-15 11:00:26 UTC =====
[91m[1mError: [0m{
  "name": "UnknownError",
  "data": {
    "message": "Unexpected server error. Check server logs for details.",
    "ref": "err_b0b98eb2"
  }
}
===== ANALYST laguna 2026-09-15 15:36:05 UTC =====
[91m[1mError: [0m{
  "name": "UnknownError",
  "data": {
    "message": "Unexpected server error. Check server logs for details.",
    "ref": "err_defbd1eb"
  }
}
===== ANALYST laguna 2026-09-15 19:14:14 UTC =====
[91m[1mError: [0m{
  "name": "UnknownError",
  "data": {
    "message": "Unexpected server error. Check server logs for details.",
    "ref": "err_2f81f39c"
  }
}
===== ANALYST laguna 2026-09-15 22:22:09 UTC =====
[91m[1mError: [0m{
  "name": "UnknownError",
  "data": {
    "message": "Unexpected server error. Check server logs for details.",
    "ref": "err_9113692c"
  }
}
===== ANALYST laguna 2026-09-16 00:31:30 UTC =====
[91m[1mError: [0m{
  "name": "UnknownError",
  "data": {
    "message": "Unexpected server error. Check server logs for details.",
    "ref": "err_8fefbe84"
  }
}
===== ANALYST laguna 2026-09-16 05:13:55 UTC =====
[91m[1mError: [0m{
  "name": "UnknownError",
  "data": {
    "message": "Unexpected server error. Check server logs for details.",
    "ref": "err_03fe45f4"
  }
}
===== ANALYST laguna 2026-09-16 10:02:51 UTC =====
[91m[1mError: [0m{
  "name": "UnknownError",
  "data": {
    "message": "Unexpected server error. Check server logs for details.",
    "ref": "err_1bd992dc"
  }
}
===== ANALYST laguna 2026-09-16 14:52:19 UTC =====
[91m[1mError: [0m{
  "name": "UnknownError",
  "data": {
    "message": "Unexpected server error. Check server logs for details.",
    "ref": "err_2aae242c"
  }
}
===== ANALYST laguna 2026-09-16 18:57:29 UTC =====
[91m[1mError: [0m{
  "name": "UnknownError",
  "data": {
    "message": "Unexpected server error. Check server logs for details.",
    "ref": "err_a9edb6f0"
  }
}
===== ANALYST laguna 2026-09-16 21:43:08 UTC =====
[91m[1mError: [0m{
  "name": "UnknownError",
  "data": {
    "message": "Unexpected server error. Check server logs for details.",
    "ref": "err_17965bf8"
  }
}
===== ANALYST laguna 2026-09-17 00:02:52 UTC =====
[91m[1mError: [0m{
  "name": "UnknownError",
  "data": {
    "message": "Unexpected server error. Check server logs for details.",
    "ref": "err_3cbb15ad"
  }
}
===== ANALYST laguna 2026-09-17 04:59:21 UTC =====
[91m[1mError: [0m{
  "name": "UnknownError",
  "data": {
    "message": "Unexpected server error. Check server logs for details.",
    "ref": "err_52281ff6"
  }
}
===== ANALYST laguna 2026-09-17 09:54:13 UTC =====
[91m[1mError: [0m{
  "name": "UnknownError",
  "data": {
    "message": "Unexpected server error. Check server logs for details.",
    "ref": "err_836fd24f"
  }
}
===== ANALYST laguna 2026-09-17 14:43:04 UTC =====
[91m[1mError: [0m{
  "name": "UnknownError",
  "data": {
    "message": "Unexpected server error. Check server logs for details.",
    "ref": "err_6dcdb347"
  }
}
===== ANALYST laguna 2026-09-17 18:33:45 UTC =====
[91m[1mError: [0m{
  "name": "UnknownError",
  "data": {
    "message": "Unexpected server error. Check server logs for details.",
    "ref": "err_9e5983c0"
  }
}
===== ANALYST laguna 2026-09-17 21:44:09 UTC =====
[91m[1mError: [0m{
  "name": "UnknownError",
  "data": {
    "message": "Unexpected server error. Check server logs for details.",
    "ref": "err_123c03e0"
  }
}
===== ANALYST laguna 2026-09-17 23:54:13 UTC =====
[91m[1mError: [0m{
  "name": "UnknownError",
  "data": {
    "message": "Unexpected server error. Check server logs for details.",
    "ref": "err_ee21faf8"
  }
}
===== ANALYST laguna 2026-09-18 02:54:08 UTC =====
[91m[1mError: [0m{
  "name": "UnknownError",
  "data": {
    "message": "Unexpected server error. Check server logs for details.",
    "ref": "err_4681629c"
  }
}
===== ANALYST laguna 2026-09-18 08:02:20 UTC =====
[91m[1mError: [0m{
  "name": "UnknownError",
  "data": {
    "message": "Unexpected server error. Check server logs for details.",
    "ref": "err_01640774"
  }
}
===== ANALYST laguna 2026-09-18 12:41:49 UTC =====
[91m[1mError: [0m{
  "name": "UnknownError",
  "data": {
    "message": "Unexpected server error. Check server logs for details.",
    "ref": "err_581291d5"
  }
}
===== ANALYST laguna 2026-09-18 16:45:18 UTC =====
[91m[1mError: [0m{
  "name": "UnknownError",
  "data": {
    "message": "Unexpected server error. Check server logs for details.",
    "ref": "err_0d3daab5"
  }
}
===== ANALYST laguna 2026-09-18 19:25:46 UTC =====
[91m[1mError: [0m{
  "name": "UnknownError",
  "data": {
    "message": "Unexpected server error. Check server logs for details.",
    "ref": "err_63b2b574"
  }
}
===== ANALYST laguna 2026-09-18 21:54:34 UTC =====
[91m[1mError: [0m{
  "name": "UnknownError",
  "data": {
    "message": "Unexpected server error. Check server logs for details.",
    "ref": "err_c0c48977"
  }
}
===== ANALYST laguna 2026-09-18 23:51:13 UTC =====
[91m[1mError: [0m{
  "name": "UnknownError",
  "data": {
    "message": "Unexpected server error. Check server logs for details.",
    "ref": "err_9f9e91d8"
  }
}
===== ANALYST laguna 2026-09-19 02:52:34 UTC =====
[91m[1mError: [0m{
  "name": "UnknownError",
  "data": {
    "message": "Unexpected server error. Check server logs for details.",
    "ref": "err_e20c2463"
  }
}
===== ANALYST laguna 2026-09-19 07:46:19 UTC =====
[91m[1mError: [0m{
  "name": "UnknownError",
  "data": {
    "message": "Unexpected server error. Check server logs for details.",
    "ref": "err_acdd938e"
  }
}
===== ANALYST laguna 2026-09-19 12:19:47 UTC =====
[91m[1mError: [0m{
  "name": "UnknownError",
  "data": {
    "message": "Unexpected server error. Check server logs for details.",
    "ref": "err_2487a63d"
  }
}
===== ANALYST laguna 2026-09-19 15:58:32 UTC =====
[91m[1mError: [0m{
  "name": "UnknownError",
  "data": {
    "message": "Unexpected server error. Check server logs for details.",
    "ref": "err_f3b3fa4e"
  }
}
===== ANALYST laguna 2026-09-19 18:27:27 UTC =====
[91m[1mError: [0m{
  "name": "UnknownError",
  "data": {
    "message": "Unexpected server error. Check server logs for details.",
    "ref": "err_338d2b62"
  }
}
===== ANALYST laguna 2026-09-19 21:03:20 UTC =====
[91m[1mError: [0m{
  "name": "UnknownError",
  "data": {
    "message": "Unexpected server error. Check server logs for details.",
    "ref": "err_e2889d5a"
  }
}
===== ANALYST laguna 2026-09-19 22:45:12 UTC =====
[91m[1mError: [0m{
  "name": "UnknownError",
  "data": {
    "message": "Unexpected server error. Check server logs for details.",
    "ref": "err_d97b5bd8"
  }
}
===== ANALYST laguna 2026-09-20 00:36:36 UTC =====
[91m[1mError: [0m{
  "name": "UnknownError",
  "data": {
    "message": "Unexpected server error. Check server logs for details.",
    "ref": "err_ef406966"
  }
}
===== ANALYST laguna 2026-09-20 05:23:28 UTC =====
[91m[1mError: [0m{
  "name": "UnknownError",
  "data": {
    "message": "Unexpected server error. Check server logs for details.",
    "ref": "err_33e76980"
  }
}
===== ANALYST laguna 2026-09-20 10:09:56 UTC =====
[91m[1mError: [0m{
  "name": "UnknownError",
  "data": {
    "message": "Unexpected server error. Check server logs for details.",
    "ref": "err_2a66ad20"
  }
}
===== ANALYST laguna 2026-09-20 14:19:17 UTC =====
[91m[1mError: [0m{
  "name": "UnknownError",
  "data": {
    "message": "Unexpected server error. Check server logs for details.",
    "ref": "err_5b510d49"
  }
}
===== ANALYST laguna 2026-09-20 17:34:16 UTC =====
[91m[1mError: [0m{
  "name": "UnknownError",
  "data": {
    "message": "Unexpected server error. Check server logs for details.",
    "ref": "err_1c8ce056"
  }
}
===== ANALYST laguna 2026-09-20 19:48:03 UTC =====
[91m[1mError: [0m{
  "name": "UnknownError",
  "data": {
    "message": "Unexpected server error. Check server logs for details.",
    "ref": "err_ad622af6"
  }
}
===== ANALYST laguna 2026-09-20 22:15:18 UTC =====
[91m[1mError: [0m{
  "name": "UnknownError",
  "data": {
    "message": "Unexpected server error. Check server logs for details.",
    "ref": "err_1fa73992"
  }
}
===== ANALYST laguna 2026-09-21 00:22:13 UTC =====
[91m[1mError: [0m{
  "name": "UnknownError",
  "data": {
    "message": "Unexpected server error. Check server logs for details.",
    "ref": "err_d14842ba"
  }
}
===== ANALYST laguna 2026-09-21 05:09:31 UTC =====
[91m[1mError: [0m{
  "name": "UnknownError",
  "data": {
    "message": "Unexpected server error. Check server logs for details.",
    "ref": "err_60fddd77"
  }
}
===== ANALYST laguna 2026-09-21 10:50:42 UTC =====
[91m[1mError: [0m{
  "name": "UnknownError",
  "data": {
    "message": "Unexpected server error. Check server logs for details.",
    "ref": "err_414c368a"
  }
}
===== ANALYST laguna 2026-09-21 16:53:41 UTC =====
[91m[1mError: [0m{
  "name": "UnknownError",
  "data": {
    "message": "Unexpected server error. Check server logs for details.",
    "ref": "err_41cfb00e"
  }
}
===== ANALYST laguna 2026-09-21 20:47:20 UTC =====
[91m[1mError: [0m{
  "name": "UnknownError",
  "data": {
    "message": "Unexpected server error. Check server logs for details.",
    "ref": "err_ce1b6e00"
  }
}
===== ANALYST laguna 2026-09-21 23:48:17 UTC =====
[91m[1mError: [0m{
  "name": "UnknownError",
  "data": {
    "message": "Unexpected server error. Check server logs for details.",
    "ref": "err_8d958f6f"
  }
}
===== ANALYST laguna 2026-09-22 03:00:43 UTC =====
[91m[1mError: [0m{
  "name": "UnknownError",
  "data": {
    "message": "Unexpected server error. Check server logs for details.",
    "ref": "err_b0b0d143"
  }
}
===== ANALYST laguna 2026-09-22 08:25:29 UTC =====
[91m[1mError: [0m{
  "name": "UnknownError",
  "data": {
    "message": "Unexpected server error. Check server logs for details.",
    "ref": "err_e4d29dee"
  }
}
===== ANALYST laguna 2026-09-22 13:44:26 UTC =====
[91m[1mError: [0m{
  "name": "UnknownError",
  "data": {
    "message": "Unexpected server error. Check server logs for details.",
    "ref": "err_7b813e64"
  }
}
===== ANALYST laguna 2026-09-22 17:48:10 UTC =====
[91m[1mError: [0m{
  "name": "UnknownError",
  "data": {
    "message": "Unexpected server error. Check server logs for details.",
    "ref": "err_9a052fd2"
  }
}
===== ANALYST laguna 2026-09-22 20:49:33 UTC =====
[91m[1mError: [0m{
  "name": "UnknownError",
  "data": {
    "message": "Unexpected server error. Check server logs for details.",
    "ref": "err_e568a361"
  }
}
===== ANALYST laguna 2026-09-22 23:28:19 UTC =====
[91m[1mError: [0m{
  "name": "UnknownError",
  "data": {
    "message": "Unexpected server error. Check server logs for details.",
    "ref": "err_86b648f0"
  }
}
===== ANALYST laguna 2026-09-23 01:46:56 UTC =====
[91m[1mError: [0m{
  "name": "UnknownError",
  "data": {
    "message": "Unexpected server error. Check server logs for details.",
    "ref": "err_f2bf2492"
  }
}
===== ANALYST laguna 2026-09-23 07:15:07 UTC =====
[91m[1mError: [0m{
  "name": "UnknownError",
  "data": {
    "message": "Unexpected server error. Check server logs for details.",
    "ref": "err_7ff9aebd"
  }
}
===== ANALYST laguna 2026-09-23 12:54:25 UTC =====
[91m[1mError: [0m{
  "name": "UnknownError",
  "data": {
    "message": "Unexpected server error. Check server logs for details.",
    "ref": "err_54156aaf"
  }
}
===== ANALYST laguna 2026-09-23 17:44:27 UTC =====
[91m[1mError: [0m{
  "name": "UnknownError",
  "data": {
    "message": "Unexpected server error. Check server logs for details.",
    "ref": "err_495d0e00"
  }
}
===== ANALYST laguna 2026-09-23 20:44:12 UTC =====
[91m[1mError: [0m{
  "name": "UnknownError",
  "data": {
    "message": "Unexpected server error. Check server logs for details.",
    "ref": "err_d15f442f"
  }
}
===== ANALYST laguna 2026-09-23 23:26:54 UTC =====
[91m[1mError: [0m{
  "name": "UnknownError",
  "data": {
    "message": "Unexpected server error. Check server logs for details.",
    "ref": "err_20373d62"
  }
}
===== ANALYST laguna 2026-09-24 01:42:14 UTC =====
[91m[1mError: [0m{
  "name": "UnknownError",
  "data": {
    "message": "Unexpected server error. Check server logs for details.",
    "ref": "err_ce5dba5c"
  }
}
===== ANALYST laguna 2026-09-24 06:47:45 UTC =====
[91m[1mError: [0m{
  "name": "UnknownError",
  "data": {
    "message": "Unexpected server error. Check server logs for details.",
    "ref": "err_5e068eaa"
  }
}
===== ANALYST laguna 2026-09-24 12:34:20 UTC =====
[91m[1mError: [0m{
  "name": "UnknownError",
  "data": {
    "message": "Unexpected server error. Check server logs for details.",
    "ref": "err_b30bfb6b"
  }
}
===== ANALYST laguna 2026-09-24 17:32:57 UTC =====
[91m[1mError: [0m{
  "name": "UnknownError",
  "data": {
    "message": "Unexpected server error. Check server logs for details.",
    "ref": "err_432d59c6"
  }
}
===== ANALYST laguna 2026-09-24 20:45:49 UTC =====
[91m[1mError: [0m{
  "name": "UnknownError",
  "data": {
    "message": "Unexpected server error. Check server logs for details.",
    "ref": "err_5b06cd99"
  }
}
===== ANALYST laguna 2026-09-24 23:45:01 UTC =====
[91m[1mError: [0m{
  "name": "UnknownError",
  "data": {
    "message": "Unexpected server error. Check server logs for details.",
    "ref": "err_a7419578"
  }
}
===== ANALYST laguna 2026-09-25 03:10:56 UTC =====
[91m[1mError: [0m{
  "name": "UnknownError",
  "data": {
    "message": "Unexpected server error. Check server logs for details.",
    "ref": "err_a9b00099"
  }
}
===== ANALYST laguna 2026-09-25 08:57:17 UTC =====
[91m[1mError: [0m{
  "name": "UnknownError",
  "data": {
    "message": "Unexpected server error. Check server logs for details.",
    "ref": "err_1bbf6726"
  }
}
===== ANALYST laguna 2026-09-25 14:24:46 UTC =====
[91m[1mError: [0m{
  "name": "UnknownError",
  "data": {
    "message": "Unexpected server error. Check server logs for details.",
    "ref": "err_a158bb50"
  }
}
===== ANALYST laguna 2026-09-25 18:52:39 UTC =====
[91m[1mError: [0m{
  "name": "UnknownError",
  "data": {
    "message": "Unexpected server error. Check server logs for details.",
    "ref": "err_bc45f490"
  }
}
===== ANALYST laguna 2026-09-25 21:58:17 UTC =====
[91m[1mError: [0m{
  "name": "UnknownError",
  "data": {
    "message": "Unexpected server error. Check server logs for details.",
    "ref": "err_bcad5859"
  }
}
===== ANALYST laguna 2026-09-26 00:24:28 UTC =====
[91m[1mError: [0m{
  "name": "UnknownError",
  "data": {
    "message": "Unexpected server error. Check server logs for details.",
    "ref": "err_837c7a64"
  }
}
