===== ANALYST ling3 2026-09-03 15:49:19 UTC =====
[91m[1mError: [0m{
  "name": "UnknownError",
  "data": {
    "message": "Unexpected server error. Check server logs for details.",
    "ref": "err_747bf73c"
  }
}
===== ANALYST ling3 2026-09-03 19:05:42 UTC =====
[91m[1mError: [0m{
  "name": "UnknownError",
  "data": {
    "message": "Unexpected server error. Check server logs for details.",
    "ref": "err_94524c5f"
  }
}
===== ANALYST ling3 2026-09-03 21:46:44 UTC =====
[91m[1mError: [0m{
  "name": "UnknownError",
  "data": {
    "message": "Unexpected server error. Check server logs for details.",
    "ref": "err_c1e68fe1"
  }
}
===== ANALYST ling3 2026-09-03 23:48:00 UTC =====
[91m[1mError: [0m{
  "name": "UnknownError",
  "data": {
    "message": "Unexpected server error. Check server logs for details.",
    "ref": "err_d7127e04"
  }
}
===== ANALYST ling3 2026-09-04 02:43:23 UTC =====
[91m[1mError: [0m{
  "name": "UnknownError",
  "data": {
    "message": "Unexpected server error. Check server logs for details.",
    "ref": "err_d166eb3e"
  }
}
===== ANALYST ling3 2026-09-04 07:26:39 UTC =====
[91m[1mError: [0m{
  "name": "UnknownError",
  "data": {
    "message": "Unexpected server error. Check server logs for details.",
    "ref": "err_70734aef"
  }
}
===== ANALYST ling3 2026-09-04 12:20:37 UTC =====
[91m[1mError: [0m{
  "name": "UnknownError",
  "data": {
    "message": "Unexpected server error. Check server logs for details.",
    "ref": "err_ba3fe33c"
  }
}
===== ANALYST ling3 2026-09-04 16:31:26 UTC =====
[91m[1mError: [0m{
  "name": "UnknownError",
  "data": {
    "message": "Unexpected server error. Check server logs for details.",
    "ref": "err_72c4d8e7"
  }
}
===== ANALYST ling3 2026-09-04 19:10:50 UTC =====
[91m[1mError: [0m{
  "name": "UnknownError",
  "data": {
    "message": "Unexpected server error. Check server logs for details.",
    "ref": "err_ae02d15d"
  }
}
===== ANALYST ling3 2026-09-04 21:34:53 UTC =====
[91m[1mError: [0m{
  "name": "UnknownError",
  "data": {
    "message": "Unexpected server error. Check server logs for details.",
    "ref": "err_65530a49"
  }
}
===== ANALYST ling3 2026-09-04 23:18:56 UTC =====
[91m[1mError: [0m{
  "name": "UnknownError",
  "data": {
    "message": "Unexpected server error. Check server logs for details.",
    "ref": "err_e7e4f0b5"
  }
}
===== ANALYST ling3 2026-09-05 01:05:23 UTC =====
[91m[1mError: [0m{
  "name": "UnknownError",
  "data": {
    "message": "Unexpected server error. Check server logs for details.",
    "ref": "err_17f11ae3"
  }
}
===== ANALYST ling3 2026-09-05 05:51:12 UTC =====
[91m[1mError: [0m{
  "name": "UnknownError",
  "data": {
    "message": "Unexpected server error. Check server logs for details.",
    "ref": "err_ad1e05fe"
  }
}
===== ANALYST ling3 2026-09-05 09:56:26 UTC =====
[91m[1mError: [0m{
  "name": "UnknownError",
  "data": {
    "message": "Unexpected server error. Check server logs for details.",
    "ref": "err_1dc1f7ed"
  }
}
===== ANALYST ling3 2026-09-05 13:18:34 UTC =====
[91m[1mError: [0m{
  "name": "UnknownError",
  "data": {
    "message": "Unexpected server error. Check server logs for details.",
    "ref": "err_a4090bc0"
  }
}
===== ANALYST ling3 2026-09-05 16:13:27 UTC =====
[91m[1mError: [0m{
  "name": "UnknownError",
  "data": {
    "message": "Unexpected server error. Check server logs for details.",
    "ref": "err_8bfd96e4"
  }
}
===== ANALYST ling3 2026-09-05 18:29:20 UTC =====
[91m[1mError: [0m{
  "name": "UnknownError",
  "data": {
    "message": "Unexpected server error. Check server logs for details.",
    "ref": "err_d8bf3509"
  }
}
===== ANALYST ling3 2026-09-05 20:47:29 UTC =====
[91m[1mError: [0m{
  "name": "UnknownError",
  "data": {
    "message": "Unexpected server error. Check server logs for details.",
    "ref": "err_f622799f"
  }
}
===== ANALYST ling3 2026-09-05 22:41:15 UTC =====
[91m[1mError: [0m{
  "name": "UnknownError",
  "data": {
    "message": "Unexpected server error. Check server logs for details.",
    "ref": "err_30f08f4d"
  }
}
===== ANALYST ling3 2026-09-06 00:14:38 UTC =====
[91m[1mError: [0m{
  "name": "UnknownError",
  "data": {
    "message": "Unexpected server error. Check server logs for details.",
    "ref": "err_df607892"
  }
}
===== ANALYST ling3 2026-09-06 04:48:47 UTC =====
[91m[1mError: [0m{
  "name": "UnknownError",
  "data": {
    "message": "Unexpected server error. Check server logs for details.",
    "ref": "err_69855cb3"
  }
}
===== ANALYST ling3 2026-09-06 09:11:00 UTC =====
[91m[1mError: [0m{
  "name": "UnknownError",
  "data": {
    "message": "Unexpected server error. Check server logs for details.",
    "ref": "err_3cb8b342"
  }
}
===== ANALYST ling3 2026-09-06 13:00:49 UTC =====
[91m[1mError: [0m{
  "name": "UnknownError",
  "data": {
    "message": "Unexpected server error. Check server logs for details.",
    "ref": "err_bdd82793"
  }
}
===== ANALYST ling3 2026-09-06 16:04:53 UTC =====
[91m[1mError: [0m{
  "name": "UnknownError",
  "data": {
    "message": "Unexpected server error. Check server logs for details.",
    "ref": "err_1c24bbfa"
  }
}
===== ANALYST ling3 2026-09-06 18:25:17 UTC =====
[91m[1mError: [0m{
  "name": "UnknownError",
  "data": {
    "message": "Unexpected server error. Check server logs for details.",
    "ref": "err_780945ff"
  }
}
===== ANALYST ling3 2026-09-06 20:30:30 UTC =====
[91m[1mError: [0m{
  "name": "UnknownError",
  "data": {
    "message": "Unexpected server error. Check server logs for details.",
    "ref": "err_f0a0aaf3"
  }
}
===== ANALYST ling3 2026-09-06 22:19:57 UTC =====
[91m[1mError: [0m{
  "name": "UnknownError",
  "data": {
    "message": "Unexpected server error. Check server logs for details.",
    "ref": "err_f5d3a8f3"
  }
}
===== ANALYST ling3 2026-09-07 00:05:49 UTC =====
[91m[1mError: [0m{
  "name": "UnknownError",
  "data": {
    "message": "Unexpected server error. Check server logs for details.",
    "ref": "err_3add903c"
  }
}
===== ANALYST ling3 2026-09-07 04:51:16 UTC =====
[91m[1mError: [0m{
  "name": "UnknownError",
  "data": {
    "message": "Unexpected server error. Check server logs for details.",
    "ref": "err_d7d4bbc7"
  }
}
===== ANALYST ling3 2026-09-07 10:01:35 UTC =====
[91m[1mError: [0m{
  "name": "UnknownError",
  "data": {
    "message": "Unexpected server error. Check server logs for details.",
    "ref": "err_dd56b06c"
  }
}
===== ANALYST ling3 2026-09-07 15:36:45 UTC =====
[91m[1mError: [0m{
  "name": "UnknownError",
  "data": {
    "message": "Unexpected server error. Check server logs for details.",
    "ref": "err_3bd0a4be"
  }
}
===== ANALYST ling3 2026-09-07 19:30:45 UTC =====
[91m[1mError: [0m{
  "name": "UnknownError",
  "data": {
    "message": "Unexpected server error. Check server logs for details.",
    "ref": "err_e29453e7"
  }
}
===== ANALYST ling3 2026-09-07 22:18:58 UTC =====
[91m[1mError: [0m{
  "name": "UnknownError",
  "data": {
    "message": "Unexpected server error. Check server logs for details.",
    "ref": "err_be3c6009"
  }
}
===== ANALYST ling3 2026-09-08 00:47:41 UTC =====
[91m[1mError: [0m{
  "name": "UnknownError",
  "data": {
    "message": "Unexpected server error. Check server logs for details.",
    "ref": "err_9f9ff7dc"
  }
}
===== ANALYST ling3 2026-09-08 05:18:16 UTC =====
[91m[1mError: [0m{
  "name": "UnknownError",
  "data": {
    "message": "Unexpected server error. Check server logs for details.",
    "ref": "err_ca5848df"
  }
}
===== ANALYST ling3 2026-09-08 10:06:09 UTC =====
[91m[1mError: [0m{
  "name": "UnknownError",
  "data": {
    "message": "Unexpected server error. Check server logs for details.",
    "ref": "err_cd9fa104"
  }
}
===== ANALYST ling3 2026-09-08 14:08:14 UTC =====
[91m[1mError: [0m{
  "name": "UnknownError",
  "data": {
    "message": "Unexpected server error. Check server logs for details.",
    "ref": "err_864e31dd"
  }
}
===== ANALYST ling3 2026-09-08 18:06:43 UTC =====
[91m[1mError: [0m{
  "name": "UnknownError",
  "data": {
    "message": "Unexpected server error. Check server logs for details.",
    "ref": "err_c74d46ec"
  }
}
===== ANALYST ling3 2026-09-08 20:51:24 UTC =====
[91m[1mError: [0m{
  "name": "UnknownError",
  "data": {
    "message": "Unexpected server error. Check server logs for details.",
    "ref": "err_6244d52a"
  }
}
===== ANALYST ling3 2026-09-08 23:09:37 UTC =====
[91m[1mError: [0m{
  "name": "UnknownError",
  "data": {
    "message": "Unexpected server error. Check server logs for details.",
    "ref": "err_7ab82fa4"
  }
}
===== ANALYST ling3 2026-09-09 01:23:53 UTC =====
[91m[1mError: [0m{
  "name": "UnknownError",
  "data": {
    "message": "Unexpected server error. Check server logs for details.",
    "ref": "err_cfb5902a"
  }
}
===== ANALYST ling3 2026-09-09 06:09:53 UTC =====
[91m[1mError: [0m{
  "name": "UnknownError",
  "data": {
    "message": "Unexpected server error. Check server logs for details.",
    "ref": "err_4446cc27"
  }
}
===== ANALYST ling3 2026-09-09 11:40:51 UTC =====
[91m[1mError: [0m{
  "name": "UnknownError",
  "data": {
    "message": "Unexpected server error. Check server logs for details.",
    "ref": "err_f8814c66"
  }
}
===== ANALYST ling3 2026-09-09 15:25:23 UTC =====
[91m[1mError: [0m{
  "name": "UnknownError",
  "data": {
    "message": "Unexpected server error. Check server logs for details.",
    "ref": "err_598ea1ef"
  }
}
===== ANALYST ling3 2026-09-09 18:43:23 UTC =====
[91m[1mError: [0m{
  "name": "UnknownError",
  "data": {
    "message": "Unexpected server error. Check server logs for details.",
    "ref": "err_93116447"
  }
}
===== ANALYST ling3 2026-09-09 21:31:20 UTC =====
[91m[1mError: [0m{
  "name": "UnknownError",
  "data": {
    "message": "Unexpected server error. Check server logs for details.",
    "ref": "err_eae1b9fa"
  }
}
===== ANALYST ling3 2026-09-09 23:35:24 UTC =====
[91m[1mError: [0m{
  "name": "UnknownError",
  "data": {
    "message": "Unexpected server error. Check server logs for details.",
    "ref": "err_3ea97ff5"
  }
}
===== ANALYST ling3 2026-09-10 01:31:20 UTC =====
[91m[1mError: [0m{
  "name": "UnknownError",
  "data": {
    "message": "Unexpected server error. Check server logs for details.",
    "ref": "err_08323b11"
  }
}
===== ANALYST ling3 2026-09-10 06:41:46 UTC =====
[91m[1mError: [0m{
  "name": "UnknownError",
  "data": {
    "message": "Unexpected server error. Check server logs for details.",
    "ref": "err_7af1273e"
  }
}
===== ANALYST ling3 2026-09-10 11:58:29 UTC =====
[91m[1mError: [0m{
  "name": "UnknownError",
  "data": {
    "message": "Unexpected server error. Check server logs for details.",
    "ref": "err_2dc0a31e"
  }
}
===== ANALYST ling3 2026-09-10 15:51:29 UTC =====
[91m[1mError: [0m{
  "name": "UnknownError",
  "data": {
    "message": "Unexpected server error. Check server logs for details.",
    "ref": "err_658ee33f"
  }
}
===== ANALYST ling3 2026-09-10 19:07:41 UTC =====
[91m[1mError: [0m{
  "name": "UnknownError",
  "data": {
    "message": "Unexpected server error. Check server logs for details.",
    "ref": "err_1fa18282"
  }
}
===== ANALYST ling3 2026-09-10 21:33:02 UTC =====
[91m[1mError: [0m{
  "name": "UnknownError",
  "data": {
    "message": "Unexpected server error. Check server logs for details.",
    "ref": "err_2a9a671e"
  }
}
===== ANALYST ling3 2026-09-10 23:25:49 UTC =====
[91m[1mError: [0m{
  "name": "UnknownError",
  "data": {
    "message": "Unexpected server error. Check server logs for details.",
    "ref": "err_5b119ea6"
  }
}
===== ANALYST ling3 2026-09-11 01:43:27 UTC =====
[91m[1mError: [0m{
  "name": "UnknownError",
  "data": {
    "message": "Unexpected server error. Check server logs for details.",
    "ref": "err_fcccf17c"
  }
}
===== ANALYST ling3 2026-09-11 06:38:47 UTC =====
[91m[1mError: [0m{
  "name": "UnknownError",
  "data": {
    "message": "Unexpected server error. Check server logs for details.",
    "ref": "err_2c8508be"
  }
}
===== ANALYST ling3 2026-09-11 11:53:15 UTC =====
[91m[1mError: [0m{
  "name": "UnknownError",
  "data": {
    "message": "Unexpected server error. Check server logs for details.",
    "ref": "err_de2c3b0a"
  }
}
===== ANALYST ling3 2026-09-11 15:53:57 UTC =====
[91m[1mError: [0m{
  "name": "UnknownError",
  "data": {
    "message": "Unexpected server error. Check server logs for details.",
    "ref": "err_7b5b118b"
  }
}
===== ANALYST ling3 2026-09-11 19:02:55 UTC =====
[91m[1mError: [0m{
  "name": "UnknownError",
  "data": {
    "message": "Unexpected server error. Check server logs for details.",
    "ref": "err_d5bfd2dc"
  }
}
===== ANALYST ling3 2026-09-11 21:34:52 UTC =====
[91m[1mError: [0m{
  "name": "UnknownError",
  "data": {
    "message": "Unexpected server error. Check server logs for details.",
    "ref": "err_abf2bcd7"
  }
}
===== ANALYST ling3 2026-09-11 23:34:42 UTC =====
[91m[1mError: [0m{
  "name": "UnknownError",
  "data": {
    "message": "Unexpected server error. Check server logs for details.",
    "ref": "err_fb7aa376"
  }
}
===== ANALYST ling3 2026-09-12 01:34:45 UTC =====
[91m[1mError: [0m{
  "name": "UnknownError",
  "data": {
    "message": "Unexpected server error. Check server logs for details.",
    "ref": "err_83f74dab"
  }
}
===== ANALYST ling3 2026-09-12 06:31:01 UTC =====
[91m[1mError: [0m{
  "name": "UnknownError",
  "data": {
    "message": "Unexpected server error. Check server logs for details.",
    "ref": "err_06a6709d"
  }
}
===== ANALYST ling3 2026-09-12 11:18:23 UTC =====
[91m[1mError: [0m{
  "name": "UnknownError",
  "data": {
    "message": "Unexpected server error. Check server logs for details.",
    "ref": "err_6e794065"
  }
}
===== ANALYST ling3 2026-09-12 14:19:22 UTC =====
[91m[1mError: [0m{
  "name": "UnknownError",
  "data": {
    "message": "Unexpected server error. Check server logs for details.",
    "ref": "err_65074acd"
  }
}
===== ANALYST ling3 2026-09-12 17:18:53 UTC =====
[91m[1mError: [0m{
  "name": "UnknownError",
  "data": {
    "message": "Unexpected server error. Check server logs for details.",
    "ref": "err_66f7fa0f"
  }
}
===== ANALYST ling3 2026-09-12 19:29:53 UTC =====
[91m[1mError: [0m{
  "name": "UnknownError",
  "data": {
    "message": "Unexpected server error. Check server logs for details.",
    "ref": "err_8439b4d9"
  }
}
===== ANALYST ling3 2026-09-12 21:43:02 UTC =====
[91m[1mError: [0m{
  "name": "UnknownError",
  "data": {
    "message": "Unexpected server error. Check server logs for details.",
    "ref": "err_7e32fb49"
  }
}
===== ANALYST ling3 2026-09-12 23:20:15 UTC =====
[91m[1mError: [0m{
  "name": "UnknownError",
  "data": {
    "message": "Unexpected server error. Check server logs for details.",
    "ref": "err_0ddb8299"
  }
}
===== ANALYST ling3 2026-09-13 01:13:26 UTC =====
[91m[1mError: [0m{
  "name": "UnknownError",
  "data": {
    "message": "Unexpected server error. Check server logs for details.",
    "ref": "err_c847b480"
  }
}
===== ANALYST ling3 2026-09-13 06:17:46 UTC =====
[91m[1mError: [0m{
  "name": "UnknownError",
  "data": {
    "message": "Unexpected server error. Check server logs for details.",
    "ref": "err_2d081489"
  }
}
===== ANALYST ling3 2026-09-13 12:02:40 UTC =====
[91m[1mError: [0m{
  "name": "UnknownError",
  "data": {
    "message": "Unexpected server error. Check server logs for details.",
    "ref": "err_b69e1c13"
  }
}
===== ANALYST ling3 2026-09-13 16:10:21 UTC =====
[91m[1mError: [0m{
  "name": "UnknownError",
  "data": {
    "message": "Unexpected server error. Check server logs for details.",
    "ref": "err_34e2d206"
  }
}
===== ANALYST ling3 2026-09-13 18:49:24 UTC =====
[91m[1mError: [0m{
  "name": "UnknownError",
  "data": {
    "message": "Unexpected server error. Check server logs for details.",
    "ref": "err_8829a9c6"
  }
}
===== ANALYST ling3 2026-09-13 21:15:20 UTC =====
[91m[1mError: [0m{
  "name": "UnknownError",
  "data": {
    "message": "Unexpected server error. Check server logs for details.",
    "ref": "err_3eef4aa5"
  }
}
===== ANALYST ling3 2026-09-13 23:13:50 UTC =====
[91m[1mError: [0m{
  "name": "UnknownError",
  "data": {
    "message": "Unexpected server error. Check server logs for details.",
    "ref": "err_6127959b"
  }
}
===== ANALYST ling3 2026-09-14 01:13:05 UTC =====
[91m[1mError: [0m{
  "name": "UnknownError",
  "data": {
    "message": "Unexpected server error. Check server logs for details.",
    "ref": "err_001cdedc"
  }
}
===== ANALYST ling3 2026-09-14 06:26:16 UTC =====
[91m[1mError: [0m{
  "name": "UnknownError",
  "data": {
    "message": "Unexpected server error. Check server logs for details.",
    "ref": "err_9627f454"
  }
}
===== ANALYST ling3 2026-09-14 13:38:05 UTC =====
[91m[1mError: [0m{
  "name": "UnknownError",
  "data": {
    "message": "Unexpected server error. Check server logs for details.",
    "ref": "err_b44d06a2"
  }
}
===== ANALYST ling3 2026-09-14 18:58:59 UTC =====
[91m[1mError: [0m{
  "name": "UnknownError",
  "data": {
    "message": "Unexpected server error. Check server logs for details.",
    "ref": "err_64e9b526"
  }
}
===== ANALYST ling3 2026-09-14 22:16:06 UTC =====
[91m[1mError: [0m{
  "name": "UnknownError",
  "data": {
    "message": "Unexpected server error. Check server logs for details.",
    "ref": "err_7407e86c"
  }
}
===== ANALYST ling3 2026-09-15 00:46:19 UTC =====
[91m[1mError: [0m{
  "name": "UnknownError",
  "data": {
    "message": "Unexpected server error. Check server logs for details.",
    "ref": "err_b28a98fe"
  }
}
===== ANALYST ling3 2026-09-15 05:45:26 UTC =====
[91m[1mError: [0m{
  "name": "UnknownError",
  "data": {
    "message": "Unexpected server error. Check server logs for details.",
    "ref": "err_3153dcfa"
  }
}
===== ANALYST ling3 2026-09-15 11:00:26 UTC =====
[91m[1mError: [0m{
  "name": "UnknownError",
  "data": {
    "message": "Unexpected server error. Check server logs for details.",
    "ref": "err_7dc8ad31"
  }
}
===== ANALYST ling3 2026-09-15 15:36:05 UTC =====
[91m[1mError: [0m{
  "name": "UnknownError",
  "data": {
    "message": "Unexpected server error. Check server logs for details.",
    "ref": "err_2f978442"
  }
}
===== ANALYST ling3 2026-09-15 19:14:14 UTC =====
[91m[1mError: [0m{
  "name": "UnknownError",
  "data": {
    "message": "Unexpected server error. Check server logs for details.",
    "ref": "err_05a4ee38"
  }
}
===== ANALYST ling3 2026-09-15 22:22:09 UTC =====
[91m[1mError: [0m{
  "name": "UnknownError",
  "data": {
    "message": "Unexpected server error. Check server logs for details.",
    "ref": "err_f8d23132"
  }
}
===== ANALYST ling3 2026-09-16 00:31:30 UTC =====
[91m[1mError: [0m{
  "name": "UnknownError",
  "data": {
    "message": "Unexpected server error. Check server logs for details.",
    "ref": "err_a873bd9e"
  }
}
===== ANALYST ling3 2026-09-16 05:13:55 UTC =====
[91m[1mError: [0m{
  "name": "UnknownError",
  "data": {
    "message": "Unexpected server error. Check server logs for details.",
    "ref": "err_fd8a1745"
  }
}
===== ANALYST ling3 2026-09-16 10:02:51 UTC =====
[91m[1mError: [0m{
  "name": "UnknownError",
  "data": {
    "message": "Unexpected server error. Check server logs for details.",
    "ref": "err_85380b3c"
  }
}
===== ANALYST ling3 2026-09-16 14:52:19 UTC =====
[91m[1mError: [0m{
  "name": "UnknownError",
  "data": {
    "message": "Unexpected server error. Check server logs for details.",
    "ref": "err_df320900"
  }
}
===== ANALYST ling3 2026-09-16 18:57:29 UTC =====
[91m[1mError: [0m{
  "name": "UnknownError",
  "data": {
    "message": "Unexpected server error. Check server logs for details.",
    "ref": "err_9971842b"
  }
}
===== ANALYST ling3 2026-09-16 21:43:08 UTC =====
[91m[1mError: [0m{
  "name": "UnknownError",
  "data": {
    "message": "Unexpected server error. Check server logs for details.",
    "ref": "err_b80eca5d"
  }
}
===== ANALYST ling3 2026-09-17 00:02:52 UTC =====
[91m[1mError: [0m{
  "name": "UnknownError",
  "data": {
    "message": "Unexpected server error. Check server logs for details.",
    "ref": "err_aa8762d7"
  }
}
===== ANALYST ling3 2026-09-17 04:59:21 UTC =====
[91m[1mError: [0m{
  "name": "UnknownError",
  "data": {
    "message": "Unexpected server error. Check server logs for details.",
    "ref": "err_e090da5d"
  }
}
===== ANALYST ling3 2026-09-17 09:54:13 UTC =====
[91m[1mError: [0m{
  "name": "UnknownError",
  "data": {
    "message": "Unexpected server error. Check server logs for details.",
    "ref": "err_47ef90be"
  }
}
===== ANALYST ling3 2026-09-17 14:43:04 UTC =====
[91m[1mError: [0m{
  "name": "UnknownError",
  "data": {
    "message": "Unexpected server error. Check server logs for details.",
    "ref": "err_ead77603"
  }
}
===== ANALYST ling3 2026-09-17 18:33:45 UTC =====
[91m[1mError: [0m{
  "name": "UnknownError",
  "data": {
    "message": "Unexpected server error. Check server logs for details.",
    "ref": "err_4cbd6e7f"
  }
}
===== ANALYST ling3 2026-09-17 21:44:09 UTC =====
[91m[1mError: [0m{
  "name": "UnknownError",
  "data": {
    "message": "Unexpected server error. Check server logs for details.",
    "ref": "err_1293844c"
  }
}
===== ANALYST ling3 2026-09-17 23:54:13 UTC =====
[91m[1mError: [0m{
  "name": "UnknownError",
  "data": {
    "message": "Unexpected server error. Check server logs for details.",
    "ref": "err_56a117c0"
  }
}
===== ANALYST ling3 2026-09-18 02:54:08 UTC =====
[91m[1mError: [0m{
  "name": "UnknownError",
  "data": {
    "message": "Unexpected server error. Check server logs for details.",
    "ref": "err_92681ae6"
  }
}
===== ANALYST ling3 2026-09-18 08:02:20 UTC =====
[91m[1mError: [0m{
  "name": "UnknownError",
  "data": {
    "message": "Unexpected server error. Check server logs for details.",
    "ref": "err_0635a796"
  }
}
===== ANALYST ling3 2026-09-18 12:41:49 UTC =====
[91m[1mError: [0m{
  "name": "UnknownError",
  "data": {
    "message": "Unexpected server error. Check server logs for details.",
    "ref": "err_229dc402"
  }
}
===== ANALYST ling3 2026-09-18 16:45:18 UTC =====
[91m[1mError: [0m{
  "name": "UnknownError",
  "data": {
    "message": "Unexpected server error. Check server logs for details.",
    "ref": "err_d7b5cce6"
  }
}
===== ANALYST ling3 2026-09-18 19:25:46 UTC =====
[91m[1mError: [0m{
  "name": "UnknownError",
  "data": {
    "message": "Unexpected server error. Check server logs for details.",
    "ref": "err_ab1bb002"
  }
}
===== ANALYST ling3 2026-09-18 21:54:34 UTC =====
[91m[1mError: [0m{
  "name": "UnknownError",
  "data": {
    "message": "Unexpected server error. Check server logs for details.",
    "ref": "err_e9fbf8a4"
  }
}
===== ANALYST ling3 2026-09-18 23:51:13 UTC =====
[91m[1mError: [0m{
  "name": "UnknownError",
  "data": {
    "message": "Unexpected server error. Check server logs for details.",
    "ref": "err_5826114b"
  }
}
===== ANALYST ling3 2026-09-19 02:52:34 UTC =====
[91m[1mError: [0m{
  "name": "UnknownError",
  "data": {
    "message": "Unexpected server error. Check server logs for details.",
    "ref": "err_9c79fb5c"
  }
}
===== ANALYST ling3 2026-09-19 07:46:19 UTC =====
[91m[1mError: [0m{
  "name": "UnknownError",
  "data": {
    "message": "Unexpected server error. Check server logs for details.",
    "ref": "err_18b17e31"
  }
}
===== ANALYST ling3 2026-09-19 12:19:47 UTC =====
[91m[1mError: [0m{
  "name": "UnknownError",
  "data": {
    "message": "Unexpected server error. Check server logs for details.",
    "ref": "err_dd4707ea"
  }
}
===== ANALYST ling3 2026-09-19 15:58:32 UTC =====
[91m[1mError: [0m{
  "name": "UnknownError",
  "data": {
    "message": "Unexpected server error. Check server logs for details.",
    "ref": "err_9ba3446e"
  }
}
===== ANALYST ling3 2026-09-19 18:27:27 UTC =====
[91m[1mError: [0m{
  "name": "UnknownError",
  "data": {
    "message": "Unexpected server error. Check server logs for details.",
    "ref": "err_37423cf9"
  }
}
===== ANALYST ling3 2026-09-19 21:03:20 UTC =====
[91m[1mError: [0m{
  "name": "UnknownError",
  "data": {
    "message": "Unexpected server error. Check server logs for details.",
    "ref": "err_fc0f3c67"
  }
}
===== ANALYST ling3 2026-09-19 22:45:12 UTC =====
[91m[1mError: [0m{
  "name": "UnknownError",
  "data": {
    "message": "Unexpected server error. Check server logs for details.",
    "ref": "err_f53b1393"
  }
}
===== ANALYST ling3 2026-09-20 00:36:36 UTC =====
[91m[1mError: [0m{
  "name": "UnknownError",
  "data": {
    "message": "Unexpected server error. Check server logs for details.",
    "ref": "err_5e7c2e86"
  }
}
===== ANALYST ling3 2026-09-20 05:23:28 UTC =====
[91m[1mError: [0m{
  "name": "UnknownError",
  "data": {
    "message": "Unexpected server error. Check server logs for details.",
    "ref": "err_b2b5003f"
  }
}
===== ANALYST ling3 2026-09-20 10:09:56 UTC =====
[91m[1mError: [0m{
  "name": "UnknownError",
  "data": {
    "message": "Unexpected server error. Check server logs for details.",
    "ref": "err_2e81d26d"
  }
}
===== ANALYST ling3 2026-09-20 14:19:17 UTC =====
[91m[1mError: [0m{
  "name": "UnknownError",
  "data": {
    "message": "Unexpected server error. Check server logs for details.",
    "ref": "err_ee507fea"
  }
}
===== ANALYST ling3 2026-09-20 17:34:16 UTC =====
[91m[1mError: [0m{
  "name": "UnknownError",
  "data": {
    "message": "Unexpected server error. Check server logs for details.",
    "ref": "err_15c7e5c4"
  }
}
===== ANALYST ling3 2026-09-20 19:48:03 UTC =====
[91m[1mError: [0m{
  "name": "UnknownError",
  "data": {
    "message": "Unexpected server error. Check server logs for details.",
    "ref": "err_3e5ee52e"
  }
}
===== ANALYST ling3 2026-09-20 22:15:18 UTC =====
[91m[1mError: [0m{
  "name": "UnknownError",
  "data": {
    "message": "Unexpected server error. Check server logs for details.",
    "ref": "err_0e3ee075"
  }
}
===== ANALYST ling3 2026-09-21 00:22:13 UTC =====
[91m[1mError: [0m{
  "name": "UnknownError",
  "data": {
    "message": "Unexpected server error. Check server logs for details.",
    "ref": "err_d29aa6d8"
  }
}
===== ANALYST ling3 2026-09-21 05:09:31 UTC =====
[91m[1mError: [0m{
  "name": "UnknownError",
  "data": {
    "message": "Unexpected server error. Check server logs for details.",
    "ref": "err_be8134be"
  }
}
===== ANALYST ling3 2026-09-21 10:50:42 UTC =====
[91m[1mError: [0m{
  "name": "UnknownError",
  "data": {
    "message": "Unexpected server error. Check server logs for details.",
    "ref": "err_a64becfe"
  }
}
===== ANALYST ling3 2026-09-21 16:53:41 UTC =====
[91m[1mError: [0m{
  "name": "UnknownError",
  "data": {
    "message": "Unexpected server error. Check server logs for details.",
    "ref": "err_2c5ee22d"
  }
}
===== ANALYST ling3 2026-09-21 20:47:20 UTC =====
[91m[1mError: [0m{
  "name": "UnknownError",
  "data": {
    "message": "Unexpected server error. Check server logs for details.",
    "ref": "err_2212a980"
  }
}
===== ANALYST ling3 2026-09-21 23:48:17 UTC =====
[91m[1mError: [0m{
  "name": "UnknownError",
  "data": {
    "message": "Unexpected server error. Check server logs for details.",
    "ref": "err_0302582d"
  }
}
===== ANALYST ling3 2026-09-22 03:00:43 UTC =====
[91m[1mError: [0m{
  "name": "UnknownError",
  "data": {
    "message": "Unexpected server error. Check server logs for details.",
    "ref": "err_2f3a12d7"
  }
}
===== ANALYST ling3 2026-09-22 08:25:29 UTC =====
[91m[1mError: [0m{
  "name": "UnknownError",
  "data": {
    "message": "Unexpected server error. Check server logs for details.",
    "ref": "err_8e5dc483"
  }
}
===== ANALYST ling3 2026-09-22 13:44:26 UTC =====
[91m[1mError: [0m{
  "name": "UnknownError",
  "data": {
    "message": "Unexpected server error. Check server logs for details.",
    "ref": "err_c29230be"
  }
}
===== ANALYST ling3 2026-09-22 17:48:10 UTC =====
[91m[1mError: [0m{
  "name": "UnknownError",
  "data": {
    "message": "Unexpected server error. Check server logs for details.",
    "ref": "err_6937c286"
  }
}
===== ANALYST ling3 2026-09-22 20:49:33 UTC =====
[91m[1mError: [0m{
  "name": "UnknownError",
  "data": {
    "message": "Unexpected server error. Check server logs for details.",
    "ref": "err_8385d93b"
  }
}
===== ANALYST ling3 2026-09-22 23:28:19 UTC =====
[91m[1mError: [0m{
  "name": "UnknownError",
  "data": {
    "message": "Unexpected server error. Check server logs for details.",
    "ref": "err_3e1fec6d"
  }
}
===== ANALYST ling3 2026-09-23 01:46:56 UTC =====
[91m[1mError: [0m{
  "name": "UnknownError",
  "data": {
    "message": "Unexpected server error. Check server logs for details.",
    "ref": "err_33318721"
  }
}
===== ANALYST ling3 2026-09-23 07:15:07 UTC =====
[91m[1mError: [0m{
  "name": "UnknownError",
  "data": {
    "message": "Unexpected server error. Check server logs for details.",
    "ref": "err_88e8ef6b"
  }
}
===== ANALYST ling3 2026-09-23 12:54:25 UTC =====
[91m[1mError: [0m{
  "name": "UnknownError",
  "data": {
    "message": "Unexpected server error. Check server logs for details.",
    "ref": "err_cc620dea"
  }
}
===== ANALYST ling3 2026-09-23 17:44:27 UTC =====
[91m[1mError: [0m{
  "name": "UnknownError",
  "data": {
    "message": "Unexpected server error. Check server logs for details.",
    "ref": "err_b5953072"
  }
}
