===== ANALYST longcat 2026-09-03 15:49:19 UTC =====
[91m[1mError: [0m{
  "name": "UnknownError",
  "data": {
    "message": "Unexpected server error. Check server logs for details.",
    "ref": "err_8a3380d4"
  }
}
===== ANALYST longcat 2026-09-03 19:05:42 UTC =====
[91m[1mError: [0m{
  "name": "UnknownError",
  "data": {
    "message": "Unexpected server error. Check server logs for details.",
    "ref": "err_cde65d69"
  }
}
===== ANALYST longcat 2026-09-03 21:46:44 UTC =====
[91m[1mError: [0m{
  "name": "UnknownError",
  "data": {
    "message": "Unexpected server error. Check server logs for details.",
    "ref": "err_1a771ed1"
  }
}
===== ANALYST longcat 2026-09-03 23:48:00 UTC =====
[91m[1mError: [0m{
  "name": "UnknownError",
  "data": {
    "message": "Unexpected server error. Check server logs for details.",
    "ref": "err_5ccd9558"
  }
}
===== ANALYST longcat 2026-09-04 02:43:23 UTC =====
[91m[1mError: [0m{
  "name": "UnknownError",
  "data": {
    "message": "Unexpected server error. Check server logs for details.",
    "ref": "err_e23d002c"
  }
}
===== ANALYST longcat 2026-09-04 07:26:39 UTC =====
[91m[1mError: [0m{
  "name": "UnknownError",
  "data": {
    "message": "Unexpected server error. Check server logs for details.",
    "ref": "err_737b3ebb"
  }
}
===== ANALYST longcat 2026-09-04 12:20:37 UTC =====
[91m[1mError: [0m{
  "name": "UnknownError",
  "data": {
    "message": "Unexpected server error. Check server logs for details.",
    "ref": "err_fc92d693"
  }
}
===== ANALYST longcat 2026-09-04 16:31:26 UTC =====
[91m[1mError: [0m{
  "name": "UnknownError",
  "data": {
    "message": "Unexpected server error. Check server logs for details.",
    "ref": "err_0018e3da"
  }
}
===== ANALYST longcat 2026-09-04 19:10:50 UTC =====
[91m[1mError: [0m{
  "name": "UnknownError",
  "data": {
    "message": "Unexpected server error. Check server logs for details.",
    "ref": "err_aea32a01"
  }
}
===== ANALYST longcat 2026-09-04 21:34:53 UTC =====
[91m[1mError: [0m{
  "name": "UnknownError",
  "data": {
    "message": "Unexpected server error. Check server logs for details.",
    "ref": "err_09b3094a"
  }
}
===== ANALYST longcat 2026-09-04 23:18:56 UTC =====
[91m[1mError: [0m{
  "name": "UnknownError",
  "data": {
    "message": "Unexpected server error. Check server logs for details.",
    "ref": "err_543d6c72"
  }
}
===== ANALYST longcat 2026-09-05 01:05:23 UTC =====
[91m[1mError: [0m{
  "name": "UnknownError",
  "data": {
    "message": "Unexpected server error. Check server logs for details.",
    "ref": "err_683841fb"
  }
}
===== ANALYST longcat 2026-09-05 05:51:12 UTC =====
[91m[1mError: [0m{
  "name": "UnknownError",
  "data": {
    "message": "Unexpected server error. Check server logs for details.",
    "ref": "err_b6a3b040"
  }
}
===== ANALYST longcat 2026-09-05 09:56:26 UTC =====
[91m[1mError: [0m{
  "name": "UnknownError",
  "data": {
    "message": "Unexpected server error. Check server logs for details.",
    "ref": "err_ed85b364"
  }
}
===== ANALYST longcat 2026-09-05 13:18:34 UTC =====
[91m[1mError: [0m{
  "name": "UnknownError",
  "data": {
    "message": "Unexpected server error. Check server logs for details.",
    "ref": "err_66c79424"
  }
}
===== ANALYST longcat 2026-09-05 16:13:27 UTC =====
[91m[1mError: [0m{
  "name": "UnknownError",
  "data": {
    "message": "Unexpected server error. Check server logs for details.",
    "ref": "err_1731edd1"
  }
}
===== ANALYST longcat 2026-09-05 18:29:20 UTC =====
[91m[1mError: [0m{
  "name": "UnknownError",
  "data": {
    "message": "Unexpected server error. Check server logs for details.",
    "ref": "err_ecb204c7"
  }
}
===== ANALYST longcat 2026-09-05 20:47:29 UTC =====
[91m[1mError: [0m{
  "name": "UnknownError",
  "data": {
    "message": "Unexpected server error. Check server logs for details.",
    "ref": "err_44ec4e5c"
  }
}
===== ANALYST longcat 2026-09-05 22:41:15 UTC =====
[91m[1mError: [0m{
  "name": "UnknownError",
  "data": {
    "message": "Unexpected server error. Check server logs for details.",
    "ref": "err_0604c03e"
  }
}
===== ANALYST longcat 2026-09-06 00:14:38 UTC =====
[91m[1mError: [0m{
  "name": "UnknownError",
  "data": {
    "message": "Unexpected server error. Check server logs for details.",
    "ref": "err_b3a90847"
  }
}
===== ANALYST longcat 2026-09-06 04:48:47 UTC =====
[91m[1mError: [0m{
  "name": "UnknownError",
  "data": {
    "message": "Unexpected server error. Check server logs for details.",
    "ref": "err_ef46de8a"
  }
}
===== ANALYST longcat 2026-09-06 09:11:00 UTC =====
[91m[1mError: [0m{
  "name": "UnknownError",
  "data": {
    "message": "Unexpected server error. Check server logs for details.",
    "ref": "err_600f4bf9"
  }
}
===== ANALYST longcat 2026-09-06 13:00:49 UTC =====
[91m[1mError: [0m{
  "name": "UnknownError",
  "data": {
    "message": "Unexpected server error. Check server logs for details.",
    "ref": "err_e4bc39fa"
  }
}
===== ANALYST longcat 2026-09-06 16:04:53 UTC =====
[91m[1mError: [0m{
  "name": "UnknownError",
  "data": {
    "message": "Unexpected server error. Check server logs for details.",
    "ref": "err_c1195942"
  }
}
===== ANALYST longcat 2026-09-06 18:25:17 UTC =====
[91m[1mError: [0m{
  "name": "UnknownError",
  "data": {
    "message": "Unexpected server error. Check server logs for details.",
    "ref": "err_4335a2f8"
  }
}
===== ANALYST longcat 2026-09-06 20:30:30 UTC =====
[91m[1mError: [0m{
  "name": "UnknownError",
  "data": {
    "message": "Unexpected server error. Check server logs for details.",
    "ref": "err_8474a0d3"
  }
}
===== ANALYST longcat 2026-09-06 22:19:57 UTC =====
[91m[1mError: [0m{
  "name": "UnknownError",
  "data": {
    "message": "Unexpected server error. Check server logs for details.",
    "ref": "err_8ca097f9"
  }
}
===== ANALYST longcat 2026-09-07 00:05:49 UTC =====
[91m[1mError: [0m{
  "name": "UnknownError",
  "data": {
    "message": "Unexpected server error. Check server logs for details.",
    "ref": "err_ea1396cc"
  }
}
===== ANALYST longcat 2026-09-07 04:51:16 UTC =====
[91m[1mError: [0m{
  "name": "UnknownError",
  "data": {
    "message": "Unexpected server error. Check server logs for details.",
    "ref": "err_fef479c0"
  }
}
===== ANALYST longcat 2026-09-07 10:01:35 UTC =====
[91m[1mError: [0m{
  "name": "UnknownError",
  "data": {
    "message": "Unexpected server error. Check server logs for details.",
    "ref": "err_f9c09752"
  }
}
===== ANALYST longcat 2026-09-07 15:36:45 UTC =====
[91m[1mError: [0m{
  "name": "UnknownError",
  "data": {
    "message": "Unexpected server error. Check server logs for details.",
    "ref": "err_6a884788"
  }
}
===== ANALYST longcat 2026-09-07 19:30:45 UTC =====
[91m[1mError: [0m{
  "name": "UnknownError",
  "data": {
    "message": "Unexpected server error. Check server logs for details.",
    "ref": "err_18ddd541"
  }
}
===== ANALYST longcat 2026-09-07 22:18:58 UTC =====
[91m[1mError: [0m{
  "name": "UnknownError",
  "data": {
    "message": "Unexpected server error. Check server logs for details.",
    "ref": "err_eaa6868e"
  }
}
===== ANALYST longcat 2026-09-08 00:47:41 UTC =====
[91m[1mError: [0m{
  "name": "UnknownError",
  "data": {
    "message": "Unexpected server error. Check server logs for details.",
    "ref": "err_72680814"
  }
}
===== ANALYST longcat 2026-09-08 05:18:16 UTC =====
[91m[1mError: [0m{
  "name": "UnknownError",
  "data": {
    "message": "Unexpected server error. Check server logs for details.",
    "ref": "err_ce27e9ac"
  }
}
===== ANALYST longcat 2026-09-08 10:06:09 UTC =====
[91m[1mError: [0m{
  "name": "UnknownError",
  "data": {
    "message": "Unexpected server error. Check server logs for details.",
    "ref": "err_9245afd1"
  }
}
===== ANALYST longcat 2026-09-08 14:08:14 UTC =====
[91m[1mError: [0m{
  "name": "UnknownError",
  "data": {
    "message": "Unexpected server error. Check server logs for details.",
    "ref": "err_074e6611"
  }
}
===== ANALYST longcat 2026-09-08 18:06:43 UTC =====
[91m[1mError: [0m{
  "name": "UnknownError",
  "data": {
    "message": "Unexpected server error. Check server logs for details.",
    "ref": "err_7e434469"
  }
}
===== ANALYST longcat 2026-09-08 20:51:24 UTC =====
[91m[1mError: [0m{
  "name": "UnknownError",
  "data": {
    "message": "Unexpected server error. Check server logs for details.",
    "ref": "err_ab403cb2"
  }
}
===== ANALYST longcat 2026-09-08 23:09:37 UTC =====
[91m[1mError: [0m{
  "name": "UnknownError",
  "data": {
    "message": "Unexpected server error. Check server logs for details.",
    "ref": "err_cad719eb"
  }
}
===== ANALYST longcat 2026-09-09 01:23:53 UTC =====
[91m[1mError: [0m{
  "name": "UnknownError",
  "data": {
    "message": "Unexpected server error. Check server logs for details.",
    "ref": "err_eaadda4d"
  }
}
===== ANALYST longcat 2026-09-09 06:09:53 UTC =====
[91m[1mError: [0m{
  "name": "UnknownError",
  "data": {
    "message": "Unexpected server error. Check server logs for details.",
    "ref": "err_43e1e720"
  }
}
===== ANALYST longcat 2026-09-09 11:40:51 UTC =====
[91m[1mError: [0m{
  "name": "UnknownError",
  "data": {
    "message": "Unexpected server error. Check server logs for details.",
    "ref": "err_349eeaec"
  }
}
===== ANALYST longcat 2026-09-09 15:25:23 UTC =====
[91m[1mError: [0m{
  "name": "UnknownError",
  "data": {
    "message": "Unexpected server error. Check server logs for details.",
    "ref": "err_3181de29"
  }
}
===== ANALYST longcat 2026-09-09 18:43:23 UTC =====
[91m[1mError: [0m{
  "name": "UnknownError",
  "data": {
    "message": "Unexpected server error. Check server logs for details.",
    "ref": "err_e06d408c"
  }
}
===== ANALYST longcat 2026-09-09 21:31:20 UTC =====
[91m[1mError: [0m{
  "name": "UnknownError",
  "data": {
    "message": "Unexpected server error. Check server logs for details.",
    "ref": "err_0c115b97"
  }
}
===== ANALYST longcat 2026-09-09 23:35:24 UTC =====
[91m[1mError: [0m{
  "name": "UnknownError",
  "data": {
    "message": "Unexpected server error. Check server logs for details.",
    "ref": "err_04f25b6c"
  }
}
===== ANALYST longcat 2026-09-10 01:31:20 UTC =====
[91m[1mError: [0m{
  "name": "UnknownError",
  "data": {
    "message": "Unexpected server error. Check server logs for details.",
    "ref": "err_acb39744"
  }
}
===== ANALYST longcat 2026-09-10 06:41:46 UTC =====
[91m[1mError: [0m{
  "name": "UnknownError",
  "data": {
    "message": "Unexpected server error. Check server logs for details.",
    "ref": "err_0c1605c9"
  }
}
===== ANALYST longcat 2026-09-10 11:58:29 UTC =====
[91m[1mError: [0m{
  "name": "UnknownError",
  "data": {
    "message": "Unexpected server error. Check server logs for details.",
    "ref": "err_6a253731"
  }
}
===== ANALYST longcat 2026-09-10 15:51:29 UTC =====
[91m[1mError: [0m{
  "name": "UnknownError",
  "data": {
    "message": "Unexpected server error. Check server logs for details.",
    "ref": "err_bc8fb63b"
  }
}
===== ANALYST longcat 2026-09-10 19:07:41 UTC =====
[91m[1mError: [0m{
  "name": "UnknownError",
  "data": {
    "message": "Unexpected server error. Check server logs for details.",
    "ref": "err_bdddf952"
  }
}
===== ANALYST longcat 2026-09-10 21:33:02 UTC =====
[91m[1mError: [0m{
  "name": "UnknownError",
  "data": {
    "message": "Unexpected server error. Check server logs for details.",
    "ref": "err_80231c47"
  }
}
===== ANALYST longcat 2026-09-10 23:25:49 UTC =====
[91m[1mError: [0m{
  "name": "UnknownError",
  "data": {
    "message": "Unexpected server error. Check server logs for details.",
    "ref": "err_4167f644"
  }
}
===== ANALYST longcat 2026-09-11 01:43:27 UTC =====
[91m[1mError: [0m{
  "name": "UnknownError",
  "data": {
    "message": "Unexpected server error. Check server logs for details.",
    "ref": "err_18c87d12"
  }
}
===== ANALYST longcat 2026-09-11 06:38:47 UTC =====
[91m[1mError: [0m{
  "name": "UnknownError",
  "data": {
    "message": "Unexpected server error. Check server logs for details.",
    "ref": "err_5645f5f9"
  }
}
===== ANALYST longcat 2026-09-11 11:53:15 UTC =====
[91m[1mError: [0m{
  "name": "UnknownError",
  "data": {
    "message": "Unexpected server error. Check server logs for details.",
    "ref": "err_c651a187"
  }
}
===== ANALYST longcat 2026-09-11 15:53:57 UTC =====
[91m[1mError: [0m{
  "name": "UnknownError",
  "data": {
    "message": "Unexpected server error. Check server logs for details.",
    "ref": "err_152ec8e1"
  }
}
===== ANALYST longcat 2026-09-11 19:02:55 UTC =====
[91m[1mError: [0m{
  "name": "UnknownError",
  "data": {
    "message": "Unexpected server error. Check server logs for details.",
    "ref": "err_5822ee9b"
  }
}
===== ANALYST longcat 2026-09-11 21:34:52 UTC =====
[91m[1mError: [0m{
  "name": "UnknownError",
  "data": {
    "message": "Unexpected server error. Check server logs for details.",
    "ref": "err_92d9279b"
  }
}
===== ANALYST longcat 2026-09-11 23:34:42 UTC =====
[91m[1mError: [0m{
  "name": "UnknownError",
  "data": {
    "message": "Unexpected server error. Check server logs for details.",
    "ref": "err_e51282df"
  }
}
===== ANALYST longcat 2026-09-12 01:34:45 UTC =====
[91m[1mError: [0m{
  "name": "UnknownError",
  "data": {
    "message": "Unexpected server error. Check server logs for details.",
    "ref": "err_57473f5c"
  }
}
===== ANALYST longcat 2026-09-12 06:31:01 UTC =====
[91m[1mError: [0m{
  "name": "UnknownError",
  "data": {
    "message": "Unexpected server error. Check server logs for details.",
    "ref": "err_a06e79b3"
  }
}
===== ANALYST longcat 2026-09-12 11:18:23 UTC =====
[91m[1mError: [0m{
  "name": "UnknownError",
  "data": {
    "message": "Unexpected server error. Check server logs for details.",
    "ref": "err_1aa050c0"
  }
}
===== ANALYST longcat 2026-09-12 14:19:22 UTC =====
[91m[1mError: [0m{
  "name": "UnknownError",
  "data": {
    "message": "Unexpected server error. Check server logs for details.",
    "ref": "err_bff9b434"
  }
}
===== ANALYST longcat 2026-09-12 17:18:53 UTC =====
[91m[1mError: [0m{
  "name": "UnknownError",
  "data": {
    "message": "Unexpected server error. Check server logs for details.",
    "ref": "err_2c6d379e"
  }
}
===== ANALYST longcat 2026-09-12 19:29:53 UTC =====
[91m[1mError: [0m{
  "name": "UnknownError",
  "data": {
    "message": "Unexpected server error. Check server logs for details.",
    "ref": "err_8bfd438a"
  }
}
===== ANALYST longcat 2026-09-12 21:43:02 UTC =====
[91m[1mError: [0m{
  "name": "UnknownError",
  "data": {
    "message": "Unexpected server error. Check server logs for details.",
    "ref": "err_b1a70666"
  }
}
===== ANALYST longcat 2026-09-12 23:20:15 UTC =====
[91m[1mError: [0m{
  "name": "UnknownError",
  "data": {
    "message": "Unexpected server error. Check server logs for details.",
    "ref": "err_738fed0a"
  }
}
===== ANALYST longcat 2026-09-13 01:13:26 UTC =====
[91m[1mError: [0m{
  "name": "UnknownError",
  "data": {
    "message": "Unexpected server error. Check server logs for details.",
    "ref": "err_4cb22d47"
  }
}
===== ANALYST longcat 2026-09-13 06:17:46 UTC =====
[91m[1mError: [0m{
  "name": "UnknownError",
  "data": {
    "message": "Unexpected server error. Check server logs for details.",
    "ref": "err_560fe11d"
  }
}
===== ANALYST longcat 2026-09-13 12:02:40 UTC =====
[91m[1mError: [0m{
  "name": "UnknownError",
  "data": {
    "message": "Unexpected server error. Check server logs for details.",
    "ref": "err_fa150487"
  }
}
===== ANALYST longcat 2026-09-13 16:10:21 UTC =====
[91m[1mError: [0m{
  "name": "UnknownError",
  "data": {
    "message": "Unexpected server error. Check server logs for details.",
    "ref": "err_32dab864"
  }
}
===== ANALYST longcat 2026-09-13 18:49:24 UTC =====
[91m[1mError: [0m{
  "name": "UnknownError",
  "data": {
    "message": "Unexpected server error. Check server logs for details.",
    "ref": "err_cbc20b13"
  }
}
===== ANALYST longcat 2026-09-13 21:15:20 UTC =====
[91m[1mError: [0m{
  "name": "UnknownError",
  "data": {
    "message": "Unexpected server error. Check server logs for details.",
    "ref": "err_b3d23f22"
  }
}
===== ANALYST longcat 2026-09-13 23:13:50 UTC =====
[91m[1mError: [0m{
  "name": "UnknownError",
  "data": {
    "message": "Unexpected server error. Check server logs for details.",
    "ref": "err_0f6fa3cf"
  }
}
===== ANALYST longcat 2026-09-14 01:13:05 UTC =====
[91m[1mError: [0m{
  "name": "UnknownError",
  "data": {
    "message": "Unexpected server error. Check server logs for details.",
    "ref": "err_d6486629"
  }
}
===== ANALYST longcat 2026-09-14 06:26:16 UTC =====
[91m[1mError: [0m{
  "name": "UnknownError",
  "data": {
    "message": "Unexpected server error. Check server logs for details.",
    "ref": "err_afd05b2c"
  }
}
===== ANALYST longcat 2026-09-14 13:38:05 UTC =====
[91m[1mError: [0m{
  "name": "UnknownError",
  "data": {
    "message": "Unexpected server error. Check server logs for details.",
    "ref": "err_d512eb85"
  }
}
===== ANALYST longcat 2026-09-14 18:58:59 UTC =====
[91m[1mError: [0m{
  "name": "UnknownError",
  "data": {
    "message": "Unexpected server error. Check server logs for details.",
    "ref": "err_9cfbef69"
  }
}
===== ANALYST longcat 2026-09-14 22:16:06 UTC =====
[91m[1mError: [0m{
  "name": "UnknownError",
  "data": {
    "message": "Unexpected server error. Check server logs for details.",
    "ref": "err_b012c602"
  }
}
===== ANALYST longcat 2026-09-15 00:46:19 UTC =====
[91m[1mError: [0m{
  "name": "UnknownError",
  "data": {
    "message": "Unexpected server error. Check server logs for details.",
    "ref": "err_01b6b888"
  }
}
===== ANALYST longcat 2026-09-15 05:45:26 UTC =====
[91m[1mError: [0m{
  "name": "UnknownError",
  "data": {
    "message": "Unexpected server error. Check server logs for details.",
    "ref": "err_84c6f739"
  }
}
===== ANALYST longcat 2026-09-15 11:00:26 UTC =====
[91m[1mError: [0m{
  "name": "UnknownError",
  "data": {
    "message": "Unexpected server error. Check server logs for details.",
    "ref": "err_baaf4f03"
  }
}
===== ANALYST longcat 2026-09-15 15:36:05 UTC =====
[91m[1mError: [0m{
  "name": "UnknownError",
  "data": {
    "message": "Unexpected server error. Check server logs for details.",
    "ref": "err_972338ea"
  }
}
===== ANALYST longcat 2026-09-15 19:14:14 UTC =====
[91m[1mError: [0m{
  "name": "UnknownError",
  "data": {
    "message": "Unexpected server error. Check server logs for details.",
    "ref": "err_2494f5ab"
  }
}
===== ANALYST longcat 2026-09-15 22:22:09 UTC =====
[91m[1mError: [0m{
  "name": "UnknownError",
  "data": {
    "message": "Unexpected server error. Check server logs for details.",
    "ref": "err_b3692ffa"
  }
}
===== ANALYST longcat 2026-09-16 00:31:30 UTC =====
[91m[1mError: [0m{
  "name": "UnknownError",
  "data": {
    "message": "Unexpected server error. Check server logs for details.",
    "ref": "err_86bbdbbe"
  }
}
===== ANALYST longcat 2026-09-16 05:13:55 UTC =====
[91m[1mError: [0m{
  "name": "UnknownError",
  "data": {
    "message": "Unexpected server error. Check server logs for details.",
    "ref": "err_f6d839d3"
  }
}
===== ANALYST longcat 2026-09-16 10:02:51 UTC =====
[91m[1mError: [0m{
  "name": "UnknownError",
  "data": {
    "message": "Unexpected server error. Check server logs for details.",
    "ref": "err_6c3a5444"
  }
}
===== ANALYST longcat 2026-09-16 14:52:19 UTC =====
[91m[1mError: [0m{
  "name": "UnknownError",
  "data": {
    "message": "Unexpected server error. Check server logs for details.",
    "ref": "err_6f35fe99"
  }
}
===== ANALYST longcat 2026-09-16 18:57:29 UTC =====
[91m[1mError: [0m{
  "name": "UnknownError",
  "data": {
    "message": "Unexpected server error. Check server logs for details.",
    "ref": "err_9e6491a8"
  }
}
===== ANALYST longcat 2026-09-16 21:43:08 UTC =====
[91m[1mError: [0m{
  "name": "UnknownError",
  "data": {
    "message": "Unexpected server error. Check server logs for details.",
    "ref": "err_bfa2fe52"
  }
}
===== ANALYST longcat 2026-09-17 00:02:52 UTC =====
[91m[1mError: [0m{
  "name": "UnknownError",
  "data": {
    "message": "Unexpected server error. Check server logs for details.",
    "ref": "err_0671f66d"
  }
}
===== ANALYST longcat 2026-09-17 04:59:21 UTC =====
[91m[1mError: [0m{
  "name": "UnknownError",
  "data": {
    "message": "Unexpected server error. Check server logs for details.",
    "ref": "err_ab9367a0"
  }
}
===== ANALYST longcat 2026-09-17 09:54:13 UTC =====
[91m[1mError: [0m{
  "name": "UnknownError",
  "data": {
    "message": "Unexpected server error. Check server logs for details.",
    "ref": "err_ea6659d6"
  }
}
===== ANALYST longcat 2026-09-17 14:43:04 UTC =====
[91m[1mError: [0m{
  "name": "UnknownError",
  "data": {
    "message": "Unexpected server error. Check server logs for details.",
    "ref": "err_d1b449e0"
  }
}
===== ANALYST longcat 2026-09-17 18:33:45 UTC =====
[91m[1mError: [0m{
  "name": "UnknownError",
  "data": {
    "message": "Unexpected server error. Check server logs for details.",
    "ref": "err_b9589e6d"
  }
}
===== ANALYST longcat 2026-09-17 21:44:09 UTC =====
[91m[1mError: [0m{
  "name": "UnknownError",
  "data": {
    "message": "Unexpected server error. Check server logs for details.",
    "ref": "err_eacddc24"
  }
}
===== ANALYST longcat 2026-09-17 23:54:13 UTC =====
[91m[1mError: [0m{
  "name": "UnknownError",
  "data": {
    "message": "Unexpected server error. Check server logs for details.",
    "ref": "err_3d52fdac"
  }
}
===== ANALYST longcat 2026-09-18 02:54:08 UTC =====
[91m[1mError: [0m{
  "name": "UnknownError",
  "data": {
    "message": "Unexpected server error. Check server logs for details.",
    "ref": "err_acc8a642"
  }
}
===== ANALYST longcat 2026-09-18 08:02:20 UTC =====
[91m[1mError: [0m{
  "name": "UnknownError",
  "data": {
    "message": "Unexpected server error. Check server logs for details.",
    "ref": "err_a04cec30"
  }
}
===== ANALYST longcat 2026-09-18 12:41:49 UTC =====
[91m[1mError: [0m{
  "name": "UnknownError",
  "data": {
    "message": "Unexpected server error. Check server logs for details.",
    "ref": "err_c7e2cfda"
  }
}
===== ANALYST longcat 2026-09-18 16:45:18 UTC =====
[91m[1mError: [0m{
  "name": "UnknownError",
  "data": {
    "message": "Unexpected server error. Check server logs for details.",
    "ref": "err_73b32e5d"
  }
}
===== ANALYST longcat 2026-09-18 19:25:46 UTC =====
[91m[1mError: [0m{
  "name": "UnknownError",
  "data": {
    "message": "Unexpected server error. Check server logs for details.",
    "ref": "err_d1de3d9d"
  }
}
===== ANALYST longcat 2026-09-18 21:54:34 UTC =====
[91m[1mError: [0m{
  "name": "UnknownError",
  "data": {
    "message": "Unexpected server error. Check server logs for details.",
    "ref": "err_eece5193"
  }
}
===== ANALYST longcat 2026-09-18 23:51:13 UTC =====
[91m[1mError: [0m{
  "name": "UnknownError",
  "data": {
    "message": "Unexpected server error. Check server logs for details.",
    "ref": "err_49970286"
  }
}
===== ANALYST longcat 2026-09-19 02:52:34 UTC =====
[91m[1mError: [0m{
  "name": "UnknownError",
  "data": {
    "message": "Unexpected server error. Check server logs for details.",
    "ref": "err_ebdecc04"
  }
}
===== ANALYST longcat 2026-09-19 07:46:19 UTC =====
[91m[1mError: [0m{
  "name": "UnknownError",
  "data": {
    "message": "Unexpected server error. Check server logs for details.",
    "ref": "err_53758fd4"
  }
}
===== ANALYST longcat 2026-09-19 12:19:47 UTC =====
[91m[1mError: [0m{
  "name": "UnknownError",
  "data": {
    "message": "Unexpected server error. Check server logs for details.",
    "ref": "err_e6eda772"
  }
}
===== ANALYST longcat 2026-09-19 15:58:32 UTC =====
[91m[1mError: [0m{
  "name": "UnknownError",
  "data": {
    "message": "Unexpected server error. Check server logs for details.",
    "ref": "err_5b20416c"
  }
}
===== ANALYST longcat 2026-09-19 18:27:27 UTC =====
[91m[1mError: [0m{
  "name": "UnknownError",
  "data": {
    "message": "Unexpected server error. Check server logs for details.",
    "ref": "err_9e412f01"
  }
}
===== ANALYST longcat 2026-09-19 21:03:20 UTC =====
[91m[1mError: [0m{
  "name": "UnknownError",
  "data": {
    "message": "Unexpected server error. Check server logs for details.",
    "ref": "err_f08c4fb9"
  }
}
===== ANALYST longcat 2026-09-19 22:45:12 UTC =====
[91m[1mError: [0m{
  "name": "UnknownError",
  "data": {
    "message": "Unexpected server error. Check server logs for details.",
    "ref": "err_03a84674"
  }
}
===== ANALYST longcat 2026-09-20 00:36:36 UTC =====
[91m[1mError: [0m{
  "name": "UnknownError",
  "data": {
    "message": "Unexpected server error. Check server logs for details.",
    "ref": "err_68ea7181"
  }
}
===== ANALYST longcat 2026-09-20 05:23:28 UTC =====
[91m[1mError: [0m{
  "name": "UnknownError",
  "data": {
    "message": "Unexpected server error. Check server logs for details.",
    "ref": "err_49bd7ffc"
  }
}
===== ANALYST longcat 2026-09-20 10:09:56 UTC =====
[91m[1mError: [0m{
  "name": "UnknownError",
  "data": {
    "message": "Unexpected server error. Check server logs for details.",
    "ref": "err_8610aff2"
  }
}
===== ANALYST longcat 2026-09-20 14:19:17 UTC =====
[91m[1mError: [0m{
  "name": "UnknownError",
  "data": {
    "message": "Unexpected server error. Check server logs for details.",
    "ref": "err_9f88e404"
  }
}
===== ANALYST longcat 2026-09-20 17:34:16 UTC =====
[91m[1mError: [0m{
  "name": "UnknownError",
  "data": {
    "message": "Unexpected server error. Check server logs for details.",
    "ref": "err_92d8582c"
  }
}
===== ANALYST longcat 2026-09-20 19:48:03 UTC =====
[91m[1mError: [0m{
  "name": "UnknownError",
  "data": {
    "message": "Unexpected server error. Check server logs for details.",
    "ref": "err_edd3c5d3"
  }
}
===== ANALYST longcat 2026-09-20 22:15:18 UTC =====
[91m[1mError: [0m{
  "name": "UnknownError",
  "data": {
    "message": "Unexpected server error. Check server logs for details.",
    "ref": "err_c80c2ad9"
  }
}
===== ANALYST longcat 2026-09-21 00:22:13 UTC =====
[91m[1mError: [0m{
  "name": "UnknownError",
  "data": {
    "message": "Unexpected server error. Check server logs for details.",
    "ref": "err_4b24017d"
  }
}
===== ANALYST longcat 2026-09-21 05:09:31 UTC =====
[91m[1mError: [0m{
  "name": "UnknownError",
  "data": {
    "message": "Unexpected server error. Check server logs for details.",
    "ref": "err_ea5858c8"
  }
}
===== ANALYST longcat 2026-09-21 10:50:42 UTC =====
[91m[1mError: [0m{
  "name": "UnknownError",
  "data": {
    "message": "Unexpected server error. Check server logs for details.",
    "ref": "err_2928a5e9"
  }
}
===== ANALYST longcat 2026-09-21 16:53:41 UTC =====
[91m[1mError: [0m{
  "name": "UnknownError",
  "data": {
    "message": "Unexpected server error. Check server logs for details.",
    "ref": "err_ea62b36d"
  }
}
===== ANALYST longcat 2026-09-21 20:47:20 UTC =====
[91m[1mError: [0m{
  "name": "UnknownError",
  "data": {
    "message": "Unexpected server error. Check server logs for details.",
    "ref": "err_20daf23c"
  }
}
===== ANALYST longcat 2026-09-21 23:48:17 UTC =====
[91m[1mError: [0m{
  "name": "UnknownError",
  "data": {
    "message": "Unexpected server error. Check server logs for details.",
    "ref": "err_5269a7a7"
  }
}
===== ANALYST longcat 2026-09-22 03:00:43 UTC =====
[91m[1mError: [0m{
  "name": "UnknownError",
  "data": {
    "message": "Unexpected server error. Check server logs for details.",
    "ref": "err_ae4a632b"
  }
}
===== ANALYST longcat 2026-09-22 08:25:29 UTC =====
[91m[1mError: [0m{
  "name": "UnknownError",
  "data": {
    "message": "Unexpected server error. Check server logs for details.",
    "ref": "err_273e708c"
  }
}
